

U-Boot 2024.04-g3fe964757589-ab15108624 (Mar 27 2026 - 21:26:21 +0000)

DRAM:  4 GiB
Core:  8 devices, 5 uclasses, devicetree: board
Net:   eth0: virtio-net#1, eth1: virtio-net#2
No QEMU firmware device
Falling back to U-Boot generated SMBIOS tables
Driver                    uid uclass               Devices
----------------------------------------------------------
blk_partition             083 partition            virtio-blk#24:1          
                                                   virtio-blk#24:2          
                                                   virtio-blk#24:3          
                                                   virtio-blk#24:4          
                                                   virtio-blk#24:5          
                                                   virtio-blk#24:6          
                                                   virtio-blk#24:7          
                                                   virtio-blk#24:8          
                                                   virtio-blk#24:9          
                                                   virtio-blk#24:10         
                                                   virtio-blk#24:11         
                                                   virtio-blk#24:12         
                                                   virtio-blk#24:13         
                                                   virtio-blk#24:14         
                                                   virtio-blk#24:15         
                                                   virtio-blk#24:16         
                                                   virtio-blk#24:17         
                                                   virtio-blk#24:18         
                                                   virtio-blk#24:19         
                                                   virtio-blk#25:1          
                                                   virtio-blk#25:2          
                                                   virtio-blk#25:3          
                                                   virtio-blk#25:4          
                                                   virtio-blk#26:1          
bochs_video               129 video                <none>
bootmeth_qfw              026 <no uclass>          
efi_blk                   022 blk                  <none>
EFI block driver          038 efi                  <none>
ns16550_serial            108 serial               U6_16550A@3f8            
                                                   U6_16550A@2f8            
                                                   U6_16550A@3e8            
                                                   U6_16550A@2e8            
pci_bridge_drv            085 pci                  <none>
pci_generic_drv           087 pci_generic          pci_0:0.0                
                                                   pci_0:1.7                
pci_generic_ecam          085 pci                  pci                      
psci                      045 firmware             psci                     
psci-sysreset             119 sysreset             psci-sysreset            
qfw_bootdev               025 <no uclass>          
qfw_mmio                  096 qfw                  <none>
root_driver               000 root                 root_driver              
rtc-pl031                 104 rtc                  <none>
serial_pl01x              108 serial               <none>
smccc-trng                103 rng                  <none>
vidconsole0               131 vidconsole0          <none>
virtio-blk                022 blk                  virtio-blk#24            
                                                   virtio-blk#25            
                                                   virtio-blk#26            
virtio_bootdev            025 <no uclass>          
virtio-console            108 serial               virtio-console#0         
                                                   virtio-console#8         
                                                   virtio-console#9         
                                                   virtio-console#10        
                                                   virtio-console#11        
                                                   virtio-console#12        
                                                   virtio-console#13        
                                                   virtio-console#14        
                                                   virtio-console#15        
                                                   virtio-console#16        
                                                   virtio-console#17        
                                                   virtio-console#18        
                                                   virtio-console#19        
                                                   virtio-console#20        
                                                   virtio-console#21        
                                                   virtio-console#22        
                                                   virtio-console#23        
                                                   virtio-console#27        
                                                   virtio-console#28        
                                                   virtio-console#29        
virtio-console-port       108 serial               <none>
virtio-mmio               133 virtio               <none>
virtio-net                040 ethernet             virtio-net#1             
                                                   virtio-net#2             
virtio-pci.m              133 virtio               virtio-pci.m#0           
                                                   virtio-pci.m#1           
                                                   virtio-pci.m#2           
                                                   virtio-pci.m#3           
                                                   virtio-pci.m#4           
                                                   virtio-pci.m#5           
                                                   virtio-pci.m#6           
                                                   virtio-pci.m#7           
                                                   virtio-pci.m#8           
                                                   virtio-pci.m#9           
                                                   virtio-pci.m#10          
                                                   virtio-pci.m#11          
                                                   virtio-pci.m#12          
                                                   virtio-pci.m#13          
                                                   virtio-pci.m#14          
                                                   virtio-pci.m#15          
                                                   virtio-pci.m#16          
                                                   virtio-pci.m#17          
                                                   virtio-pci.m#18          
                                                   virtio-pci.m#19          
                                                   virtio-pci.m#20          
                                                   virtio-pci.m#21          
                                                   virtio-pci.m#22          
                                                   virtio-pci.m#23          
                                                   virtio-pci.m#24          
                                                   virtio-pci.m#25          
                                                   virtio-pci.m#26          
                                                   virtio-pci.m#27          
                                                   virtio-pci.m#28          
                                                   virtio-pci.m#29          
                                                   virtio-pci.m#30          
                                                   virtio-pci.m#31          
                                                   virtio-pci.m#32          
                                                   virtio-pci.m#33          
                                                   virtio-pci.m#34          
                                                   virtio-pci.m#35          
                                                   virtio-pci.m#36          
virtio-rng                103 rng                  virtio-rng#32            
## Android Verified Boot 2.0 version 1.2.0
Writing 8 bytes to virtio-console#17 console
Reading 8 bytes from virtio-console#17 console
Writing 8 bytes to virtio-console#17 console
Reading 8 bytes from virtio-console#17 console
Verification passed successfully
Imported supplementary environment
Unknown command 'mtrr' - try 'help'
ANDROID: reboot reason: "(none)"
ANDROID: Invalid CRC-32 (expected 807077e9, found 00000000),re-initializing A/B metadata.
ANDROID: Attempting slot a, tries remaining 3
## Android Verified Boot 2.0 version 1.2.0
Writing 8 bytes to virtio-console#17 console
Reading 8 bytes from virtio-console#17 console
Writing 8 bytes to virtio-console#17 console
Reading 8 bytes from virtio-console#17 console
Verification passed successfully
## Android Verified Boot 2.0 version 1.2.0
Writing 8 bytes to virtio-console#17 console
Reading 8 bytes from virtio-console#17 console
Writing 8 bytes to virtio-console#17 console
Reading 8 bytes from virtio-console#17 console
Verification passed successfully
ANDROID: Loading ramdisk from "init_boot_a", partition 4.
ANDROID: Loading kernel from "boot_a", partition 1.
ANDROID: Loading vendor ramdisk from "vendor_boot_a", partition 18.
Booting kernel at 0x80200000 with fdt at 80000000 ramdisk 0x84200000:0x014ccf2b...


## Flattened Device Tree blob at 80000000
   Booting using the fdt blob at 0x80000000
   Loading Ramdisk to 17c132000, end 17d5fef2b ... OK
   Loading Device Tree to 000000017c12d000, end 000000017c13125e ... OK

Starting kernel ...

[    0.000000][    T0] Booting Linux on physical CPU 0x0000000000 [0x610f0000]
[    0.000000][    T0] Linux version 6.12.74-android16-6-g3ec022196c4e-ab15076761-4k (kleaf@build-host) (Android (14043575, +pgo, +bolt, +lto, +mlgo, based on r536225) clang version 19.0.1 (https://android.googlesource.com/toolchain/llvm-project b3a530ec6537146650e42be89f1089e9a3588460), LLD 19.0.1) #1 SMP PREEMPT Tue Mar 24 05:36:21 UTC 2026
[    0.000000][    T0] KASLR enabled
[    0.000000][    T0] random: crng init done
[    0.000000][    T0] Machine model: linux,dummy-virt
[    0.000000][    T0] KVM is not available. Ignoring kvm-arm.mode
[    0.000000][    T0] earlycon: uart8250 at MMIO 0x00000000000003f8 (options '')
[    0.000000][    T0] printk: legacy bootconsole [uart8250] enabled
[    0.000000][    T0] efi: UEFI not found.
[    0.000000][    T0] OF: reserved mem: Reserved memory: No reserved-memory node in the DT
[    0.000000][    T0] Zone ranges:
[    0.000000][    T0]   DMA32    [mem 0x0000000080000000-0x00000000ffffffff]
[    0.000000][    T0]   Normal   [mem 0x0000000100000000-0x000000017fffffff]
[    0.000000][    T0] Movable zone start for each node
[    0.000000][    T0] Early memory node ranges
[    0.000000][    T0]   node   0: [mem 0x0000000080000000-0x000000017fffffff]
[    0.000000][    T0] Initmem setup node 0 [mem 0x0000000080000000-0x000000017fffffff]
[    0.000000][    T0] psci: probing for conduit method from DT.
[    0.000000][    T0] psci: PSCIv1.1 detected in firmware.
[    0.000000][    T0] psci: Using standard PSCI v0.2 function IDs
[    0.000000][    T0] psci: Trusted OS migration not required
[    0.000000][    T0] psci: SMC Calling Convention v1.1
[    0.000000][    T0] smccc: KVM: hypervisor services detected (0x00000000 0x00000000 0x00000000 0x00000003)
[    0.000000][    T0] Load bootconfig: 2488 bytes 120 nodes
[    0.000000][    T0] percpu: Embedded 81 pages/cpu s169432 r131072 d31272 u331776
[    0.000000][    T0] Detected PIPT I-cache on CPU0
[    0.000000][    T0] CPU features: detected: Address authentication (IMP DEF algorithm)
[    0.000000][    T0] CPU features: detected: GIC system register CPU interface
[    0.000000][    T0] CPU features: detected: Spectre-v4
[    0.000000][    T0] CPU features: detected: Spectre-BHB
[    0.000000][    T0] alternatives: applying boot alternatives
[    0.000000][    T0] Kernel command line: vmw_vsock_virtio_transport_common.virtio_transport_max_vsock_pkt_buf_size=16384 console=ttynull stack_depot_disable=on cgroup_disable=pressure kasan.stacktrace=off kvm-arm.mode=protected bootconfig  printk.devkmsg=on audit=1 panic=-1 8250.nr_uarts=1 binder.impl=rust cma=0 firmware_class.path=/vendor/etc/ loop.max_part=7 init=/init bootconfig panic=-1 console=hvc0 earlycon=uart8250,mmio,0x3f8 ramoops.mem_address=0x1c0000000 ramoops.mem_size=0x200000
[    0.000000][    T0] cgroup: Disabling pressure control group feature
[    0.000000][    T0] audit: enabled (after initialization)
[    0.000000][    T0] printk: log buffer data + meta data: 131072 + 458752 = 589824 bytes
[    0.000000][    T0] Dentry cache hash table entries: 524288 (order: 10, 4194304 bytes, linear)
[    0.000000][    T0] Inode-cache hash table entries: 262144 (order: 9, 2097152 bytes, linear)
[    0.000000][    T0] Built 1 zonelists, mobility grouping on.  Total pages: 1048576
[    0.000000][    T0] mem auto-init: stack:all(zero), heap alloc:on, heap free:off
[    0.000000][    T0] stackdepot: disabled
[    0.000000][    T0] software IO TLB: area num 4.
[    0.000000][    T0] software IO TLB: mapped [mem 0x00000000fbfff000-0x00000000fffff000] (64MB)
[    0.000000][    T0] SLUB: HWalign=64, Order=0-3, MinObjects=0, CPUs=4, Nodes=1
[    0.000000][    T0] rcu: Preemptible hierarchical RCU implementation.
[    0.000000][    T0] rcu: 	RCU event tracing is enabled.
[    0.000000][    T0] rcu: 	RCU restricting CPUs from NR_CPUS=32 to nr_cpu_ids=4.
[    0.000000][    T0] rcu: 	RCU priority boosting: priority 1 delay 500 ms.
[    0.000000][    T0] 	Trampoline variant of Tasks RCU enabled.
[    0.000000][    T0] 	Tracing variant of Tasks RCU enabled.
[    0.000000][    T0] rcu: RCU calculated value of scheduler-enlistment delay is 25 jiffies.
[    0.000000][    T0] rcu: Adjusting geometry for rcu_fanout_leaf=16, nr_cpu_ids=4
[    0.000000][    T0] RCU Tasks: Setting shift to 2 and lim to 1 rcu_task_cb_adjust=1 rcu_task_cpu_ids=4.
[    0.000000][    T0] RCU Tasks Trace: Setting shift to 2 and lim to 1 rcu_task_cb_adjust=1 rcu_task_cpu_ids=4.
[    0.000000][    T0] NR_IRQS: 64, nr_irqs: 64, preallocated irqs: 0
[    0.000000][    T0] GICv3: 32 SPIs implemented
[    0.000000][    T0] GICv3: 0 Extended SPIs implemented
[    0.000000][    T0] Root IRQ handler: gic_handle_irq
[    0.000000][    T0] GICv3: GICv3 features: 16 PPIs, DirectLPI
[    0.000000][    T0] GICv3: GICD_CTRL.DS=1, SCR_EL3.FIQ=0
[    0.000000][    T0] GICv3: CPU0: found redistributor 0 region 0:0x000000003ff70000
[    0.000000][    T0] rcu: 	Offload RCU callbacks from CPUs: 0-3.
[    0.000000][    T0] rcu: srcu_init: Setting srcu_struct sizes based on contention.
[    0.000000][    T0] arch_timer: cp15 timer(s) running at 24.00MHz (virt).
[    0.000000][    T0] clocksource: arch_sys_counter: mask: 0xffffffffffffff max_cycles: 0x588fe9dc0, max_idle_ns: 440795202592 ns
[    0.001174][    T0] sched_clock: 56 bits at 24MHz, resolution 41ns, wraps every 4398046511097ns
[    0.030393][    T0] arm-pv: using stolen time PV
[    0.059802][    T0] kfence: initialized - using 524288 bytes for 63 objects at 0x(____ptrval____)-0x(____ptrval____)
[    0.195219][    T0] Calibrating delay loop (skipped), value calculated using timer frequency.. 48.00 BogoMIPS (lpj=96000)
[    0.213774][    T0] pid_max: default: 32768 minimum: 301
[    0.255538][    T0] LSM: initializing lsm=capability,landlock,safesetid,selinux,bpf
[    0.303687][    T0] landlock: Up and running.
[    0.312440][    T0] SELinux:  Initializing.
[    0.375330][    T0] LSM support for eBPF active
[    0.435824][    T0] Mount-cache hash table entries: 8192 (order: 4, 65536 bytes, linear)
[    0.450520][    T0] Mountpoint-cache hash table entries: 8192 (order: 4, 65536 bytes, linear)
[    1.335495][    T1] cacheinfo: Unable to detect cache hierarchy for CPU 0
[    1.724907][    T1] rcu: Hierarchical SRCU implementation.
[    1.734420][    T1] rcu: 	Max phase no-delay instances is 1000.
[    1.938668][    T1] Timer migration: 1 hierarchy levels; 8 children per group; 1 crossnode level
[    2.035011][    T1] dyndbg: Ignore empty _ddebug table in a CONFIG_DYNAMIC_DEBUG_CORE build
[    2.083409][    T1] EFI services will not be available.
[    2.196104][    T1] smp: Bringing up secondary CPUs ...
[    3.678112][    T0] Detected PIPT I-cache on CPU1
[    3.684018][    T0] GICv3: CPU1: found redistributor 1 region 0:0x000000003ff90000
[    3.687784][    T0] CPU1: Booted secondary processor 0x0000000001 [0x610f0000]
[    4.549380][    T0] Detected PIPT I-cache on CPU2
[    4.553883][    T0] GICv3: CPU2: found redistributor 2 region 0:0x000000003ffb0000
[    4.557082][    T0] CPU2: Booted secondary processor 0x0000000002 [0x610f0000]
[    4.816237][    T0] Detected PIPT I-cache on CPU3
[    4.821820][    T0] GICv3: CPU3: found redistributor 3 region 0:0x000000003ffd0000
[    4.827697][    T0] CPU3: Booted secondary processor 0x0000000003 [0x610f0000]
[    4.840963][    T1] smp: Brought up 1 node, 4 CPUs
[    5.027127][    T1] SMP: Total of 4 processors activated.
[    5.037976][    T1] CPU: All CPU(s) started at EL1
[    5.075325][    T1] CPU features: detected: Branch Target Identification
[    5.090613][    T1] CPU features: detected: ARMv8.4 Translation Table Level
[    5.101519][    T1] CPU features: detected: Data cache clean to the PoU not required for I/D coherence
[    5.122071][    T1] CPU features: detected: Common not Private translations
[    5.135094][    T1] CPU features: detected: CRC32 instructions
[    5.145796][    T1] CPU features: detected: Data cache clean to Point of Deep Persistence
[    5.163492][    T1] CPU features: detected: Data cache clean to Point of Persistence
[    5.183627][    T1] CPU features: detected: Data independent timing control (DIT)
[    5.202369][    T1] CPU features: detected: E0PD
[    5.210394][    T1] CPU features: detected: Enhanced Privileged Access Never
[    5.224136][    T1] CPU features: detected: Generic authentication (IMP DEF algorithm)
[    5.296309][    T1] CPU features: detected: RCpc load-acquire (LDAPR)
[    5.323725][    T1] CPU features: detected: LSE atomic instructions
[    5.339277][    T1] CPU features: detected: Privileged Access Never
[    5.356218][    T1] CPU features: detected: RAS Extension Support
[    5.371335][    T1] CPU features: detected: Speculation barrier (SB)
[    5.386050][    T1] CPU features: detected: TLB range maintenance instructions
[    5.476807][    T1] alternatives: applying system-wide alternatives
[    6.458089][    T1] Memory: 3977732K/4194304K available (19328K kernel code, 2390K rwdata, 14484K rodata, 4672K init, 657K bss, 211348K reserved, 0K cma-reserved)
[    7.078615][    T1] setend instruction emulation is not supported on this system
[    7.136653][    T1] clocksource: jiffies: mask: 0xffffffff max_cycles: 0xffffffff, max_idle_ns: 7645041785100000 ns
[    7.155093][    T1] futex hash table entries: 1024 (order: 4, 65536 bytes, linear)
[    7.204733][    T1] 22320 pages in range for non-PLT usage
[    7.206957][    T1] 513840 pages in range for PLT usage
[    7.362332][    T1] pinctrl core: initialized pinctrl subsystem
[    8.104596][    T1] NET: Registered PF_NETLINK/PF_ROUTE protocol family
[    8.304180][    T1] DMA: preallocated 512 KiB GFP_KERNEL pool for atomic allocations
[    8.361954][    T1] DMA: preallocated 512 KiB GFP_KERNEL|GFP_DMA32 pool for atomic allocations
[    8.402473][    T1] audit: initializing netlink subsys (enabled)
[    8.526538][   T50] audit: type=2000 audit(3.796:1): state=initialized audit_enabled=1 res=1
[    8.586895][    T1] ramoops: using module parameters
[    8.900211][    T1] pstore: Using crash dump compression: deflate
[    8.923852][    T1] printk: legacy console [ramoops-1] enabled
[    8.997019][    T1] pstore: Registered ramoops as persistent store backend
[    9.009035][    T1] ramoops: using 0x200000@0x1c0000000, ecc: 0
[    9.138525][    T1] thermal_sys: Registered thermal governor 'bang_bang'
[    9.140256][    T1] thermal_sys: Registered thermal governor 'step_wise'
[    9.152232][    T1] thermal_sys: Registered thermal governor 'user_space'
[    9.161419][    T1] thermal_sys: Registered thermal governor 'power_allocator'
[    9.201257][    T1] cpuidle: using governor menu
[    9.294065][    T1] hw-breakpoint: found 6 breakpoint and 4 watchpoint registers.
[    9.332716][    T1] ASID allocator initialised with 65536 entries
[    9.478868][    T1] Serial: <SERIAL> PL011 UART driver
[   10.371056][    T1] iommu: Default domain type: Translated
[   10.383400][    T1] iommu: DMA domain TLB invalidation policy: strict mode
[   10.628236][    T1] SCSI subsystem initialized
[   10.749844][    T1] usbcore: registered new interface driver usbfs
[   10.803059][    T1] usbcore: registered new interface driver hub
[   10.854848][    T1] usbcore: registered new device driver usb
[   10.874574][    T1] mc: Linux media interface: v0.10
[   10.886026][    T1] videodev: Linux video capture interface: v2.00
[   10.948334][    T1] EDAC MC: Ver: 3.0.0
[   11.063747][    T1] scmi_core: SCMI protocol bus registered
[   11.185687][    T1] Advanced Linux Sound Architecture Driver Initialized.
[   11.838100][    T1] clocksource: Switched to clocksource arch_sys_counter
[   12.240754][    T1] VFS: Disk quotas dquot_6.6.0
[   12.310781][    T1] VFS: Dquot-cache hash table entries: 512 (order 0, 4096 bytes)
[   12.476762][    T1] NET: Registered PF_INET protocol family
[   12.582516][    T1] IP idents hash table entries: 65536 (order: 7, 524288 bytes, linear)
[   13.462504][    T1] tcp_listen_portaddr_hash hash table entries: 2048 (order: 3, 32768 bytes, linear)
[   13.479697][    T1] Table-perturb hash table entries: 65536 (order: 6, 262144 bytes, linear)
[   13.499905][    T1] TCP established hash table entries: 32768 (order: 6, 262144 bytes, linear)
[   13.533675][    T1] TCP bind hash table entries: 32768 (order: 8, 1048576 bytes, linear)
[   13.553677][    T1] TCP: Hash tables configured (established 32768 bind 32768)
[   13.602932][    T1] UDP hash table entries: 2048 (order: 4, 65536 bytes, linear)
[   13.646540][    T1] UDP-Lite hash table entries: 2048 (order: 4, 65536 bytes, linear)
[   13.817727][    T1] NET: Registered PF_UNIX/PF_LOCAL protocol family
[   13.924651][    T1] NET: Registered PF_XDP protocol family
[   13.950438][    T1] PCI: CLS 0 bytes, default 64
[   14.112064][    T1] kvm [1]: HYP mode not available
[   14.436224][   T14] Trying to unpack rootfs image as initramfs...
[   16.285622][   T14] Freeing initrd memory: 21296K
[   16.434130][    C0] hrtimer: interrupt took 15721416 ns
[   16.548862][    T1] Initialise system trusted keyrings
[   16.679141][    T1] workingset: timestamp_bits=46 max_order=20 bucket_order=0
[   16.844130][    T1] fuse: init (API version 7.41)
[   17.172444][    T1] Key type asymmetric registered
[   17.184553][    T1] Asymmetric key parser 'x509' registered
[   17.217522][    T1] Block layer SCSI generic (bsg) driver version 0.4 loaded (major 240)
[   17.274277][    T1] io scheduler mq-deadline registered
[   17.286501][    T1] io scheduler kyber registered
[   17.317680][    T1] io scheduler bfq registered
[   17.488497][    T1] pci-host-generic 10000.pci: host bridge /pci ranges:
[   17.520275][    T1] pci-host-generic 10000.pci:      MEM 0x0002000000..0x0003ffffff -> 0x0002000000
[   17.588617][    T1] pci-host-generic 10000.pci:      MEM 0x01c0200000..0xffffffffff -> 0x01c0200000
[   17.630366][    T1] pci-host-generic 10000.pci: ECAM at [mem 0x00010000-0x0100ffff] for [bus 00]
[   17.739128][    T1] pci-host-generic 10000.pci: PCI host bridge to bus 0000:00
[   17.752583][    T1] pci_bus 0000:00: root bus resource [bus 00]
[   17.761548][    T1] pci_bus 0000:00: root bus resource [mem 0x02000000-0x03ffffff]
[   17.772070][    T1] pci_bus 0000:00: root bus resource [mem 0x1c0200000-0xffffffffff pref]
[   17.908982][    T1] pci 0000:00:00.0: [8086:1237] type 00 class 0x060000 conventional PCI endpoint
[   18.149894][    T1] pci 0000:00:01.0: [1af4:1043] type 00 class 0x078000 conventional PCI endpoint
[   18.168519][    T1] pci 0000:00:01.0: BAR 0 [mem 0x02008000-0x0200ffff]
[   18.189596][    T1] pci 0000:00:01.1: [1af4:1041] type 00 class 0x028000 conventional PCI endpoint
[   18.203071][    T1] pci 0000:00:01.1: BAR 0 [mem 0x020e0000-0x020e7fff]
[   18.213595][    T1] pci 0000:00:01.2: [1af4:1041] type 00 class 0x028000 conventional PCI endpoint
[   18.227429][    T1] pci 0000:00:01.2: BAR 0 [mem 0x020e8000-0x020effff]
[   18.238347][    T1] pci 0000:00:01.3: [1af4:1052] type 00 class 0x098000 conventional PCI endpoint
[   18.251079][    T1] pci 0000:00:01.3: BAR 0 [mem 0x02108000-0x0210ffff]
[   18.263982][    T1] pci 0000:00:01.4: [1af4:1052] type 00 class 0x098000 conventional PCI endpoint
[   18.277268][    T1] pci 0000:00:01.4: BAR 0 [mem 0x02110000-0x02117fff]
[   18.287730][    T1] pci 0000:00:01.5: [1af4:1052] type 00 class 0x098000 conventional PCI endpoint
[   18.301326][    T1] pci 0000:00:01.5: BAR 0 [mem 0x02118000-0x0211ffff]
[   18.312113][    T1] pci 0000:00:01.6: [1af4:1053] type 00 class 0x028000 conventional PCI endpoint
[   18.326418][    T1] pci 0000:00:01.6: BAR 0 [mem 0x02120000-0x02127fff]
[   18.345677][    T1] pci 0000:00:01.7: [1b36:0011] type 00 class 0xffff00 conventional PCI endpoint
[   18.363818][    T1] pci 0000:00:01.7: BAR 0 [mem 0x02128000-0x0212800f]
[   18.379668][    T1] pci 0000:00:02.0: [1af4:1050] type 00 class 0x038000 conventional PCI endpoint
[   18.394544][    T1] pci 0000:00:02.0: BAR 0 [mem 0x02000000-0x02007fff]
[   18.423842][    T1] pci 0000:00:02.0: BAR 2 [mem 0x200000000-0x3ffffffff 64bit pref]
[   18.441084][    T1] pci 0000:00:03.0: [1af4:1043] type 00 class 0x078000 conventional PCI endpoint
[   18.456103][    T1] pci 0000:00:03.0: BAR 0 [mem 0x02010000-0x02017fff]
[   18.468488][    T1] pci 0000:00:04.0: [1af4:1043] type 00 class 0x078000 conventional PCI endpoint
[   18.486208][    T1] pci 0000:00:04.0: BAR 0 [mem 0x02018000-0x0201ffff]
[   18.502451][    T1] pci 0000:00:05.0: [1af4:1043] type 00 class 0x078000 conventional PCI endpoint
[   18.519914][    T1] pci 0000:00:05.0: BAR 0 [mem 0x02020000-0x02027fff]
[   18.533615][    T1] pci 0000:00:06.0: [1af4:1043] type 00 class 0x078000 conventional PCI endpoint
[   18.551602][    T1] pci 0000:00:06.0: BAR 0 [mem 0x02028000-0x0202ffff]
[   18.567403][    T1] pci 0000:00:07.0: [1af4:1043] type 00 class 0x078000 conventional PCI endpoint
[   18.615860][    T1] pci 0000:00:07.0: BAR 0 [mem 0x02030000-0x02037fff]
[   18.648377][    T1] pci 0000:00:08.0: [1af4:1043] type 00 class 0x078000 conventional PCI endpoint
[   18.661359][    T1] pci 0000:00:08.0: BAR 0 [mem 0x02038000-0x0203ffff]
[   18.672024][    T1] pci 0000:00:09.0: [1af4:1043] type 00 class 0x078000 conventional PCI endpoint
[   18.684828][    T1] pci 0000:00:09.0: BAR 0 [mem 0x02040000-0x02047fff]
[   18.695965][    T1] pci 0000:00:0a.0: [1af4:1043] type 00 class 0x078000 conventional PCI endpoint
[   18.710126][    T1] pci 0000:00:0a.0: BAR 0 [mem 0x02048000-0x0204ffff]
[   18.720484][    T1] pci 0000:00:0b.0: [1af4:1043] type 00 class 0x078000 conventional PCI endpoint
[   18.733267][    T1] pci 0000:00:0b.0: BAR 0 [mem 0x02050000-0x02057fff]
[   18.743570][    T1] pci 0000:00:0c.0: [1af4:1043] type 00 class 0x078000 conventional PCI endpoint
[   18.756311][    T1] pci 0000:00:0c.0: BAR 0 [mem 0x02058000-0x0205ffff]
[   18.767394][    T1] pci 0000:00:0d.0: [1af4:1043] type 00 class 0x078000 conventional PCI endpoint
[   18.781980][    T1] pci 0000:00:0d.0: BAR 0 [mem 0x02060000-0x02067fff]
[   18.792967][    T1] pci 0000:00:0e.0: [1af4:1043] type 00 class 0x078000 conventional PCI endpoint
[   18.807334][    T1] pci 0000:00:0e.0: BAR 0 [mem 0x02068000-0x0206ffff]
[   18.819042][    T1] pci 0000:00:0f.0: [1af4:1043] type 00 class 0x078000 conventional PCI endpoint
[   18.832619][    T1] pci 0000:00:0f.0: BAR 0 [mem 0x02070000-0x02077fff]
[   18.843246][    T1] pci 0000:00:10.0: [1af4:1043] type 00 class 0x078000 conventional PCI endpoint
[   18.856312][    T1] pci 0000:00:10.0: BAR 0 [mem 0x02078000-0x0207ffff]
[   18.868410][    T1] pci 0000:00:11.0: [1af4:1043] type 00 class 0x078000 conventional PCI endpoint
[   18.881102][    T1] pci 0000:00:11.0: BAR 0 [mem 0x02080000-0x02087fff]
[   18.891558][    T1] pci 0000:00:12.0: [1af4:1043] type 00 class 0x078000 conventional PCI endpoint
[   18.905474][    T1] pci 0000:00:12.0: BAR 0 [mem 0x02088000-0x0208ffff]
[   18.916704][    T1] pci 0000:00:13.0: [1af4:1042] type 00 class 0x018000 conventional PCI endpoint
[   18.929786][    T1] pci 0000:00:13.0: BAR 0 [mem 0x020a8000-0x020affff]
[   18.940377][    T1] pci 0000:00:14.0: [1af4:1042] type 00 class 0x018000 conventional PCI endpoint
[   18.953669][    T1] pci 0000:00:14.0: BAR 0 [mem 0x020b0000-0x020b7fff]
[   18.964431][    T1] pci 0000:00:15.0: [1af4:1042] type 00 class 0x018000 conventional PCI endpoint
[   18.977583][    T1] pci 0000:00:15.0: BAR 0 [mem 0x020b8000-0x020bffff]
[   18.988859][    T1] pci 0000:00:16.0: [1af4:1043] type 00 class 0x078000 conventional PCI endpoint
[   19.002824][    T1] pci 0000:00:16.0: BAR 0 [mem 0x02090000-0x02097fff]
[   19.014147][    T1] pci 0000:00:17.0: [1af4:1043] type 00 class 0x078000 conventional PCI endpoint
[   19.027260][    T1] pci 0000:00:17.0: BAR 0 [mem 0x02098000-0x0209ffff]
[   19.038774][    T1] pci 0000:00:18.0: [1af4:1043] type 00 class 0x078000 conventional PCI endpoint
[   19.051662][    T1] pci 0000:00:18.0: BAR 0 [mem 0x020a0000-0x020a7fff]
[   19.062291][    T1] pci 0000:00:19.0: [1af4:105b] type 00 class 0x010800 conventional PCI endpoint
[   19.077217][    T1] pci 0000:00:19.0: BAR 0 [mem 0x020c0000-0x020c7fff]
[   19.091223][    T1] pci 0000:00:1a.0: [1af4:105b] type 00 class 0x010800 conventional PCI endpoint
[   19.107292][    T1] pci 0000:00:1a.0: BAR 0 [mem 0x020c8000-0x020cffff]
[   19.120832][    T1] pci 0000:00:1b.0: [1af4:1044] type 00 class 0x088000 conventional PCI endpoint
[   19.135228][    T1] pci 0000:00:1b.0: BAR 0 [mem 0x020d0000-0x020d7fff]
[   19.146073][    T1] pci 0000:00:1c.0: [1af4:1045] type 00 class 0x088000 conventional PCI endpoint
[   19.160774][    T1] pci 0000:00:1c.0: BAR 0 [mem 0x020d8000-0x020dffff]
[   19.172200][    T1] pci 0000:00:1d.0: [1af4:1059] type 00 class 0x040100 conventional PCI endpoint
[   19.185870][    T1] pci 0000:00:1d.0: BAR 0 [mem 0x020f0000-0x020f7fff]
[   19.196516][    T1] pci 0000:00:1e.0: [1af4:105d] type 00 class 0x0d8000 conventional PCI endpoint
[   19.209514][    T1] pci 0000:00:1e.0: BAR 0 [mem 0x020f8000-0x020fffff]
[   19.221132][    T1] pci 0000:00:1f.0: [1af4:1052] type 00 class 0x098000 conventional PCI endpoint
[   19.234814][    T1] pci 0000:00:1f.0: BAR 0 [mem 0x02100000-0x02107fff]
[   19.266445][    T1] pci_bus 0000:00: resource 4 [mem 0x02000000-0x03ffffff]
[   19.280163][    T1] pci_bus 0000:00: resource 5 [mem 0x1c0200000-0xffffffffff pref]
[   19.306427][    T1] pci 0000:00:00.0: Limiting direct PCI/PCI transfers
[   19.325947][    T1] pci 0000:00:00.0: quirk_natoma+0x0/0x50 took 20943 usecs
[   19.515429][    T1] Serial: <SERIAL> driver, 1 ports, IRQ sharing disabled
[   20.075262][    T1] 3f8.U6_16550A: ttyS0 at MMIO 0x3f8 (irq = 13, base_baud = 115200) is a 16550A
[   20.153928][    T1] 2f8.U6_16550A: ttyS1 at MMIO 0x2f8 (irq = 14, base_baud = 115200) is a 16550A
[   20.170249][    T1] 3e8.U6_16550A: ttyS2 at MMIO 0x3e8 (irq = 13, base_baud = 115200) is a 16550A
[   20.182875][    T1] 2e8.U6_16550A: ttyS3 at MMIO 0x2e8 (irq = 14, base_baud = 115200) is a 16550A
[   20.218984][    T1] printk: legacy console [ttynull0] enabled
[   20.809032][    T1] brd: module loaded
[   21.071645][    T1] loop: module loaded
[   21.182384][    T1] wireguard: WireGuard 1.0.0 loaded. See www.wireguard.com for information.
[   21.196928][    T1] wireguard: Copyright (C) 2015-2019 Jason A. Donenfeld <Jason@zx2c4.com>. All Rights Reserved.
[   21.332356][    T1] tun: Universal TUN/TAP device driver, 1.6
[   21.399882][    T1] VFIO - User Level meta-driver version: 0.3
[   21.531762][    T1] usbcore: registered new interface driver uas
[   21.561889][    T1] usbcore: registered new interface driver usb-storage
[   21.790859][    T1] usbcore: registered new interface driver xpad
[   21.973093][    T1] rtc-pl030 2000.rtc: registered as rtc0
[   22.006598][    T1] rtc-pl030 2000.rtc: setting system clock to 2026-10-02T13:43:48 UTC (1790948628)
[   22.048447][    T1] gspca_main: v2.14.0 registered
[   22.082278][    T1] usbcore: registered new interface driver uvcvideo
[   22.119488][    T1] device-mapper: uevent: version 1.0.3
[   22.161313][    T1] device-mapper: ioctl: 4.48.0-ioctl (2023-03-01) initialised: dm-devel@lists.linux.dev
[   22.274086][    T1] sdhci: Secure Digital Host Controller Interface driver
[   22.287564][    T1] sdhci: Copyright(c) Pierre Ossman
[   22.294876][    T1] sdhci-pltfm: SDHCI platform and OF driver helper
[   22.438835][    T1] hid: raw HID events driver (C) Jiri Kosina
[   22.534845][    T1] usbcore: registered new interface driver usbhid
[   22.548280][    T1] usbhid: USB HID core driver
[   22.600964][    T1] ashmem: Using Rust implementation.
[   22.682076][   T52] watchdog: NMI not fully supported
[   22.869221][    T1] usbcore: registered new interface driver snd-usb-audio
[   22.875834][   T52] watchdog: Hard watchdog permanently disabled
[   23.004646][    T1] GACT probability on
[   23.054434][    T1] Mirror/redirect action on
[   23.103234][    T1] netem: version 1.3
[   23.119418][    T1] u32 classifier
[   23.135006][    T1]     input device check on
[   23.147684][    T1]     Actions configured
[   23.622013][    T1] xt_time: kernel timezone is -0000
[   23.667161][    T1] ipip: IPv4 and MPLS over IPv4 tunneling driver
[   23.763384][    T1] gre: GRE over IPv4 demultiplexor driver
[   23.775994][    T1] ip_gre: GRE over IPv4 tunneling driver
[   23.900486][    T1] IPv4 over IPsec tunneling driver
[   24.055071][    T1] Initializing XFRM netlink socket
[   24.091057][    T1] IPsec XFRM device driver
[   24.158771][    T1] NET: Registered PF_INET6 protocol family
[   24.873879][    T1] Segment Routing with IPv6
[   24.900264][    T1] In-situ OAM (IOAM) with IPv6
[   24.936620][    T1] mip6: Mobile IPv6
[   25.126217][    T1] sit: IPv6, IPv4 and MPLS over IPv4 tunneling driver
[   25.261415][    T1] ip6_gre: GRE over IPv6 tunneling driver
[   25.363938][    T1] NET: Registered PF_PACKET protocol family
[   25.395676][    T1] NET: Registered PF_KEY protocol family
[   25.446842][    T1] NET: Registered PF_VSOCK protocol family
[   25.593410][    T1] registered taskstats version 1
[   25.678633][    T1] Loading compiled-in X.509 certificates
[   26.151464][    T1] Loaded X.509 cert 'Build time autogenerated kernel key: eb8f544ae1808a88ed2844ba9772e9caf881a105'
[   26.315953][    T1] page_owner is disabled
[   26.327368][    T1] Key type .fscrypt registered
[   26.333670][    T1] Key type fscrypt-provisioning registered
[   26.759100][    T1] clk: Disabling unused clocks
[   26.771007][    T1] PM: genpd: Disabling unused power domains
[   26.803381][    T1] ALSA device list:
[   26.831765][    T1]   No soundcards found.
[   27.092643][    T1] Freeing unused kernel memory: 4672K
[   27.113983][    T1] Run /init as init process
[   28.817067][    T1] init: init first stage started!
[   29.042174][    T1] init: Loading module /lib/modules/failover.ko with args ''
[   29.225881][    T1] init: Loaded kernel module /lib/modules/failover.ko
[   29.242625][    T1] init: Loading module /lib/modules/nd_virtio.ko with args ''
[   29.284090][    T1] init: Loaded kernel module /lib/modules/nd_virtio.ko
[   29.293925][    T1] init: Loading module /lib/modules/net_failover.ko with args ''
[   29.325949][    T1] init: Loaded kernel module /lib/modules/net_failover.ko
[   29.347666][    T1] init: Loading module /lib/modules/virtio_dma_buf.ko with args ''
[   29.369021][    T1] init: Loaded kernel module /lib/modules/virtio_dma_buf.ko
[   29.380268][    T1] init: Loading module /lib/modules/virtio-gpu.ko with args ''
[   29.435597][    T1] init: Loaded kernel module /lib/modules/virtio-gpu.ko
[   29.449706][    T1] init: Loading module /lib/modules/virtio_input.ko with args ''
[   29.486438][    T1] init: Loaded kernel module /lib/modules/virtio_input.ko
[   29.501395][    T1] init: Loading module /lib/modules/virtio_net.ko with args ''
[   29.548485][    T1] init: Loaded kernel module /lib/modules/virtio_net.ko
[   29.564919][    T1] init: Loading module /lib/modules/virtio-rng.ko with args ''
[   29.605759][    T1] init: Loaded kernel module /lib/modules/virtio-rng.ko
[   29.620533][    T1] init: Loading module /lib/modules/libarc4.ko with args ''
[   29.739661][    T1] init: Loaded kernel module /lib/modules/libarc4.ko
[   29.759762][    T1] init: Loading module /lib/modules/rfkill.ko with args ''
[   29.821510][    T1] init: Loaded kernel module /lib/modules/rfkill.ko
[   29.838349][    T1] init: Loading module /lib/modules/cfg80211.ko with args ''
[   30.009083][    T1] cfg80211: Loading compiled-in X.509 certificates for regulatory database
[   30.023509][    T1] Loaded X.509 cert 'sforshee: 00b28ddf47aef9cea7'
[   30.033375][    T1] Loaded X.509 cert 'wens: 61c038651aabdcf94bd0ac7ff06c7248db18c600'
[   30.076813][   T52] platform regulatory.0: Direct firmware load for regulatory.db failed with error -2
[   30.087194][    T1] init: Loaded kernel module /lib/modules/cfg80211.ko
[   30.102094][   T52] cfg80211: failed to load regulatory.db
[   30.114734][    T1] init: Loading module /lib/modules/mac80211.ko with args ''
[   30.298436][    T1] init: Loaded kernel module /lib/modules/mac80211.ko
[   30.316318][    T1] init: Loading module /lib/modules/mac80211_hwsim.ko with args 'radios=0'
[   30.385842][    T1] mac80211_hwsim: initializing netlink
[   30.468394][    T1] init: Loaded kernel module /lib/modules/mac80211_hwsim.ko
[   30.493413][    T1] init: Loading module /lib/modules/virtio_blk.ko with args ''
[   30.572941][    T1] init: Loaded kernel module /lib/modules/virtio_blk.ko
[   30.592830][    T1] init: Loading module /lib/modules/virtio_console.ko with args ''
[   30.651897][    T1] init: Loaded kernel module /lib/modules/virtio_console.ko
[   30.673670][    T1] init: Loading module /lib/modules/virtio_pci_modern_dev.ko with args ''
[   30.708933][    T1] init: Loaded kernel module /lib/modules/virtio_pci_modern_dev.ko
[   30.723458][    T1] init: Loading module /lib/modules/virtio_pci_legacy_dev.ko with args ''
[   30.744116][    T1] init: Loaded kernel module /lib/modules/virtio_pci_legacy_dev.ko
[   30.767062][    T1] init: Loading module /lib/modules/virtio_pci.ko with args ''
[   30.983315][    T1] printk: legacy console [hvc0] enabled
[   30.994746][    T1] printk: legacy bootconsole [uart8250] disabled
[   31.272957][    T1] input: Cuttlefish Vhost User Rotary 0 as /devices/platform/10000.pci/pci0000:00/0000:00:01.3/virtio3/input/input0
[   31.405617][    T1] input: Cuttlefish Vhost User Keyboard 0 as /devices/platform/10000.pci/pci0000:00/0000:00:01.4/virtio4/input/input1
[   31.512771][    T1] input: Cuttlefish Vhost User Switches 0 as /devices/platform/10000.pci/pci0000:00/0000:00:01.5/virtio5/input/input2
[   31.584833][    T1] [drm] pci: virtio-gpu-pci detected at 0000:00:02.0
[   31.608608][    T1] [drm] Host memory window: 0x200000000 +0x200000000
[   31.613371][    T1] [drm] features: -virgl +edid +resource_blob +host_visible
[   31.613713][    T1] [drm] features: -context_init
[   31.635333][    T1] [drm] number of scanouts: 16
[   31.637461][    T1] [drm] number of cap sets: 0
[   31.949088][    T1] [drm] Initialized virtio_gpu 0.1.0 for 0000:00:02.0 on minor 0
[   32.427270][    T1] virtio_blk virtio24: 4/0/0 default/read/poll queues
[   32.475662][    T1] virtio_blk virtio24: [vda] 34247808 512-byte logical blocks (17.5 GB/16.3 GiB)
[   32.601733][    T1]  vda: vda1 vda2 vda3 vda4 vda5 vda6 vda7 vda8 vda9 vda10 vda11 vda12 vda13 vda14 vda15 vda16 vda17 vda18 vda19
[   32.670281][    T1] virtio_blk virtio25: 4/0/0 default/read/poll queues
[   32.692726][    T1] virtio_blk virtio25: [vdb] 2560 512-byte logical blocks (1.31 MB/1.25 MiB)
[   32.712758][    T1]  vdb: vdb1 vdb2 vdb3 vdb4
[   32.715917][    T1] virtio_blk virtio26: 4/0/0 default/read/poll queues
[   32.732690][    T1] virtio_blk virtio26: [vdc] 4194304 512-byte logical blocks (2.15 GB/2.00 GiB)
[   32.738417][    T1]  vdc: vdc1
[   36.303576][    T1] input: Cuttlefish Vhost User Multitouch Touchscreen 0 as /devices/platform/10000.pci/pci0000:00/0000:00:1f.0/virtio36/input/input3
[   36.331657][    T1] init: Loaded kernel module /lib/modules/virtio_pci.ko
[   36.344635][    T1] init: Loading module /lib/modules/vmw_vsock_virtio_transport.ko with args ''
[   36.492179][    T1] init: Loaded kernel module /lib/modules/vmw_vsock_virtio_transport.ko
[   36.535624][    T1] init: Loaded 19 modules from /lib/modules
[   36.577211][    T1] init: Loaded 19 kernel modules took 7699 ms
[   36.700035][    T1] init: Copied ramdisk prop to /second_stage_resources/system/etc/ramdisk/build.prop
[   36.716485][    T1] init: Using generic ramdisk copy of snapuserd /system/bin/snapuserd_ramdisk
[   36.719169][    T1] init: hard linking /system/bin/snapuserd_ramdisk to /first_stage_ramdisk/system/bin/snapuserd succeeded
[   36.872267][    T1] init: Switching root to '/first_stage_ramdisk'
[   36.928542][    T1] init: [libfstab] Using Android DT directory /proc/device-tree/firmware/android/
[   37.516359][    T1] init: [libfs_mgr] Invalid ext4 superblock on '/dev/block/by-name/metadata'
[   37.576953][    T1] init: [libfs_mgr] Invalid ext4 superblock on '/dev/block/by-name/metadata'
[   38.115881][    T1] init: [libfs_mgr] Created logical partition product_a on device /dev/block/dm-0
[   38.136285][    T1] init: [libfs_mgr] Skipping zero-length logical partition: product_b
[   38.197829][    T1] init: [libfs_mgr] Created logical partition system_a on device /dev/block/dm-1
[   38.205055][    T1] init: [libfs_mgr] Created logical partition system_b on device /dev/block/dm-2
[   38.209952][    T1] init: [libfs_mgr] Created logical partition system_ext_a on device /dev/block/dm-3
[   38.210467][    T1] init: [libfs_mgr] Skipping zero-length logical partition: system_ext_b
[   38.215260][    T1] init: [libfs_mgr] Created logical partition system_dlkm_a on device /dev/block/dm-4
[   38.215650][    T1] init: [libfs_mgr] Skipping zero-length logical partition: system_dlkm_b
[   38.219642][    T1] init: [libfs_mgr] Created logical partition odm_a on device /dev/block/dm-5
[   38.220159][    T1] init: [libfs_mgr] Skipping zero-length logical partition: odm_b
[   38.222780][    T1] init: [libfs_mgr] Created logical partition vendor_a on device /dev/block/dm-6
[   38.223159][    T1] init: [libfs_mgr] Skipping zero-length logical partition: vendor_b
[   38.226070][    T1] init: [libfs_mgr] Created logical partition vendor_dlkm_a on device /dev/block/dm-7
[   38.226520][    T1] init: [libfs_mgr] Skipping zero-length logical partition: vendor_dlkm_b
[   38.229557][    T1] init: [libfs_mgr] Created logical partition odm_dlkm_a on device /dev/block/dm-8
[   38.229915][    T1] init: [libfs_mgr] Skipping zero-length logical partition: odm_dlkm_b
[   38.243599][    T1] init: DSU not detected, proceeding with normal boot
[   38.469364][    T1] init: [libfs_avb] Returning avb_handle with status: Success
[   38.550269][    T1] init: [libfs_avb] : Error verifying vbmeta image: OK_NOT_SIGNED
[   38.569462][    T1] init: [libfs_avb] public key data shouldn't be empty for /system
[   38.570110][    T1] init: [libfs_avb] Found unknown public key used to sign /system
[   38.571779][    T1] init: [libfs_avb] Returning avb_handle for '/system' with status: VerificationError
[   38.592322][    T1] init: [libfs_avb] Built verity table: '1 /dev/block/dm-1 /dev/block/dm-1 4096 4096 229741 229741 sha256 aac42fd78ca6a47ae9678c953124264681128ca1f8ad2a4876de34ea6051a506 16b6a5f2fb07bc9ff4d92dc782d830af4eb572c1213156e732d0bcf67fbc162e 10 use_fec_from_device /dev/block/dm-1 fec_roots 2 fec_blocks 231552 fec_start 231552 restart_on_corruption ignore_zero_blocks'
[   38.662370][    T1] device-mapper: verity: sha256 using shash "sha256-ce" (multibuffer)
[   39.103684][    T1] erofs: (device dm-9): initialized per-cpu workers successfully.
[   39.158906][    T1] erofs: (device dm-9): mounted with root inode @ nid 55.
[   39.180368][    T1] init: [libfs_mgr] __mount(source=/dev/block/dm-9,target=/system,type=erofs)=0: Success
[   39.337597][    T1] init: Switching root to '/system'
[   39.451423][    T1] init: [libfs_avb] Built verity table: '1 /dev/block/dm-5 /dev/block/dm-5 4096 4096 105 105 sha256 8c68f2a2610fb5a4e3fccacdf62c2c1925f34ca50f9d7963c8f13ba69223f64a 16b6a5f2fb07bc9ff4d92dc782d830af4eb572c1213156e732d0bcf67fbc162e 10 use_fec_from_device /dev/block/dm-5 fec_roots 2 fec_blocks 106 fec_start 106 restart_on_corruption ignore_zero_blocks'
[   39.480938][    T1] device-mapper: verity: sha256 using shash "sha256-ce" (multibuffer)
[   39.532819][    T1] erofs: (device dm-10): mounted with root inode @ nid 38.
[   39.535283][    T1] init: [libfs_mgr] __mount(source=/dev/block/dm-10,target=/odm,type=erofs)=0: Success
[   39.543224][    T1] init: [libfs_avb] Built verity table: '1 /dev/block/dm-0 /dev/block/dm-0 4096 4096 55596 55596 sha256 70dd7120546301852d0535811d2896b573ff4a77a25af6273c75c3ddf34e5f62 16b6a5f2fb07bc9ff4d92dc782d830af4eb572c1213156e732d0bcf67fbc162e 10 use_fec_from_device /dev/block/dm-0 fec_roots 2 fec_blocks 56036 fec_start 56036 restart_on_corruption ignore_zero_blocks'
[   39.548050][    T1] device-mapper: verity: sha256 using shash "sha256-ce" (multibuffer)
[   39.576101][    T1] erofs: (device dm-11): mounted with root inode @ nid 40.
[   39.576611][    T1] init: [libfs_mgr] __mount(source=/dev/block/dm-11,target=/product,type=erofs)=0: Success
[   39.579404][    T1] init: [libfs_avb] Built verity table: '1 /dev/block/dm-3 /dev/block/dm-3 4096 4096 61830 61830 blake2b-256 b9d156218e1319f8adb3d5ccaddabd574152504877352d58c821b5313573efbb 16b6a5f2fb07bc9ff4d92dc782d830af4eb572c1213156e732d0bcf67fbc162e 10 use_fec_from_device /dev/block/dm-3 fec_roots 2 fec_blocks 62319 fec_start 62319 restart_on_corruption ignore_zero_blocks'
[   39.584099][    T1] device-mapper: verity: blake2b-256 using shash "blake2b-256-generic"
[   39.705049][    T1] erofs: (device dm-12): mounted with root inode @ nid 39.
[   39.708029][    T1] init: [libfs_mgr] __mount(source=/dev/block/dm-12,target=/system_ext,type=erofs)=0: Success
[   39.710709][    T1] init: [libfs_avb] Built verity table: '1 /dev/block/dm-6 /dev/block/dm-6 4096 4096 69747 69747 sha256 d8895f6a3dc07758a60bddc6de96b416d02a3e93da4e2a8cf63d0ea6bd783a5a 16b6a5f2fb07bc9ff4d92dc782d830af4eb572c1213156e732d0bcf67fbc162e 10 use_fec_from_device /dev/block/dm-6 fec_roots 2 fec_blocks 70298 fec_start 70298 restart_on_corruption ignore_zero_blocks'
[   39.718611][    T1] device-mapper: verity: sha256 using shash "sha256-ce" (multibuffer)
[   39.745681][    T1] erofs: (device dm-13): mounted with root inode @ nid 48.
[   39.745969][    T1] init: [libfs_mgr] __mount(source=/dev/block/dm-13,target=/vendor,type=erofs)=0: Success
[   39.750148][    T1] init: [libfs_avb] Built verity table: '1 /dev/block/dm-7 /dev/block/dm-7 4096 4096 385 385 sha256 5897fa181af216a9d41a801f8b145e579c08f10e0093f2eebd6ddf3e9193c5e4 16b6a5f2fb07bc9ff4d92dc782d830af4eb572c1213156e732d0bcf67fbc162e 10 use_fec_from_device /dev/block/dm-7 fec_roots 2 fec_blocks 390 fec_start 390 restart_on_corruption ignore_zero_blocks'
[   39.755233][    T1] device-mapper: verity: sha256 using shash "sha256-ce" (multibuffer)
[   39.775056][    T1] erofs: (device dm-14): mounted with root inode @ nid 39.
[   39.775659][    T1] init: [libfs_mgr] __mount(source=/dev/block/dm-14,target=/vendor_dlkm,type=erofs)=0: Success
[   39.777648][    T1] init: [libfs_avb] Built verity table: '1 /dev/block/dm-8 /dev/block/dm-8 4096 4096 2 2 sha256 08323ce005ea92a9cfc8240b4afc7e8721ad15e8bf7221cb7f16dec45c0fdf3b 16b6a5f2fb07bc9ff4d92dc782d830af4eb572c1213156e732d0bcf67fbc162e 10 use_fec_from_device /dev/block/dm-8 fec_roots 2 fec_blocks 3 fec_start 3 restart_on_corruption ignore_zero_blocks'
[   39.780568][    T1] device-mapper: verity: sha256 using shash "sha256-ce" (multibuffer)
[   39.799042][    T1] erofs: (device dm-15): mounted with root inode @ nid 38.
[   39.799725][    T1] init: [libfs_mgr] __mount(source=/dev/block/dm-15,target=/odm_dlkm,type=erofs)=0: Success
[   39.803650][    T1] init: [libfs_avb] : Error verifying vbmeta image: OK_NOT_SIGNED
[   39.805334][    T1] init: [libfs_avb] public key data shouldn't be empty for /system_dlkm
[   39.805791][    T1] init: [libfs_avb] Found unknown public key used to sign /system_dlkm
[   39.806207][    T1] init: [libfs_avb] Returning avb_handle for '/system_dlkm' with status: VerificationError
[   39.806870][    T1] init: Image rollback detected for /system_dlkm, SPL switches from '' to ''
[   39.807389][    T1] init: Allowing rollbacked standalone image when the device is unlocked
[   39.807823][    T1] init: [libfs_avb] Built verity table: '1 /dev/block/dm-4 /dev/block/dm-4 4096 4096 2031 2031 sha256 5c56217d20147954b242731d05656416572b6c947f31f76063d5bca8521c0dac 16b6a5f2fb07bc9ff4d92dc782d830af4eb572c1213156e732d0bcf67fbc162e 10 use_fec_from_device /dev/block/dm-4 fec_roots 2 fec_blocks 2048 fec_start 2048 restart_on_corruption ignore_zero_blocks'
[   39.812324][    T1] device-mapper: verity: sha256 using shash "sha256-ce" (multibuffer)
[   39.837229][    T1] erofs: (device dm-16): mounted with root inode @ nid 38.
[   39.837881][    T1] init: [libfs_mgr] __mount(source=/dev/block/dm-16,target=/system_dlkm,type=erofs)=0: Success
[   40.160446][    T1] init: Skipped setting INIT_AVB_VERSION (not in recovery mode)
[   41.809030][    T1] init: [libfstab] Using Android DT directory /proc/device-tree/firmware/android/
[   41.924464][    T1] init: Opening SELinux policy
[   42.006025][    T1] init: Loading SELinux policy
[   42.160784][    T1] SELinux:  policy capability network_peer_controls=1
[   42.164888][    T1] SELinux:  policy capability open_perms=1
[   42.165733][    T1] SELinux:  policy capability extended_socket_class=1
[   42.166461][    T1] SELinux:  policy capability always_check_network=0
[   42.167000][    T1] SELinux:  policy capability cgroup_seclabel=0
[   42.167551][    T1] SELinux:  policy capability nnp_nosuid_transition=1
[   42.167982][    T1] SELinux:  policy capability genfs_seclabel_symlinks=0
[   42.168333][    T1] SELinux:  policy capability ioctl_skip_cloexec=0
[   42.168716][    T1] SELinux:  policy capability userspace_initial_context=0
[   42.169075][    T1] SELinux: policy capability memfd_class=1
[   42.169729][    T1] SELinux: policy capability genfs_seclabel_wildcard=0
[   42.170098][    T1] SELinux:  unknown policy capability 9
[   42.170292][    T1] SELinux:  unknown policy capability 12
[   42.245718][   T50] audit: type=1403 audit(1790948648.524:2): auid=4294967295 ses=4294967295 lsm=selinux res=1
[   42.266992][   T50] audit: type=1300 audit(1790948648.524:2): arch=c00000b7 syscall=64 success=yes exit=911737 a0=4 a1=b400007d00d20680 a2=de979 a3=ffffffffffffffff items=0 ppid=0 pid=1 auid=4294967295 uid=0 gid=0 euid=0 suid=0 fsuid=0 egid=0 sgid=0 fsgid=0 tty=(none) ses=4294967295 comm="init" exe="/system/bin/init" subj=u:r:kernel:s0 key=(null)
[   42.280896][   T50] audit: type=1309 audit(1790948648.524:2): argc=1 a0="/system/bin/init"
[   42.286347][   T50] audit: type=1327 audit(1790948648.524:2): proctitle=2F73797374656D2F62696E2F696E69740073656C696E75785F7365747570
[   42.314078][   T50] audit: type=1404 audit(1790948648.816:3): enforcing=1 old_enforcing=0 auid=4294967295 ses=4294967295 enabled=1 old-enabled=1 lsm=selinux res=1
[   42.336006][   T50] audit: type=1300 audit(1790948648.816:3): arch=c00000b7 syscall=64 success=yes exit=1 a0=4 a1=7fd6912030 a2=1 a3=14 items=0 ppid=0 pid=1 auid=4294967295 uid=0 gid=0 euid=0 suid=0 fsuid=0 egid=0 sgid=0 fsgid=0 tty=(none) ses=4294967295 comm="init" exe="/system/bin/init" subj=u:r:kernel:s0 key=(null)
[   42.367708][   T50] audit: type=1327 audit(1790948648.816:3): proctitle=2F73797374656D2F62696E2F696E69740073656C696E75785F7365747570
[   42.461487][    T1] selinux: SELinux: Loaded file context from:
[   42.463487][    T1] selinux: 		/system/etc/selinux/plat_file_contexts
[   42.464048][    T1] selinux: 		/system_ext/etc/selinux/system_ext_file_contexts
[   42.464410][    T1] selinux: 		/product/etc/selinux/product_file_contexts
[   42.464790][    T1] selinux: 		/vendor/etc/selinux/vendor_file_contexts
[   42.465036][    T1] selinux: 		/odm/etc/selinux/odm_file_contexts
[   42.875539][    T1] init: init second stage started!
[   43.107373][    T1] selinux: SELinux: Loaded file context from:
[   43.109656][    T1] selinux: 		/system/etc/selinux/plat_file_contexts
[   43.110191][    T1] selinux: 		/system_ext/etc/selinux/system_ext_file_contexts
[   43.110867][    T1] selinux: 		/product/etc/selinux/product_file_contexts
[   43.111197][    T1] selinux: 		/vendor/etc/selinux/vendor_file_contexts
[   43.111550][    T1] selinux: 		/odm/etc/selinux/odm_file_contexts
[   43.270871][    T1] init: [libfstab] Using Android DT directory /proc/device-tree/firmware/android/
[   43.440330][    T1] init: Overriding previous property 'ro.build.display.id':'generic_system-userdebug 17 CP2A.260605.016 16373615 test-keys' with new value 'aosp_cf_arm64_only_phone-userdebug 17 CP2A.260605.016 16373615 test-keys'
[   43.443007][    T1] init: Overriding previous property 'ro.build.flavor':'generic_system-userdebug' with new value 'aosp_cf_arm64_only_phone-userdebug'
[   43.443544][    T1] init: Overriding previous property 'ro.build.description':'generic_system-userdebug 17 CP2A.260605.016 16373615 test-keys' with new value 'aosp_cf_arm64_only_phone-userdebug 17 CP2A.260605.016 16373615 test-keys'
[   43.444979][    T1] init: Overriding previous property 'ro.config.notification_sound':'OnTheHunt.ogg' with new value 'pixiedust.ogg'
[   43.445519][    T1] init: Overriding previous property 'ro.com.android.dataroaming':'false' with new value 'true'
[   43.459859][    T1] init: Setting product property ro.product.brand to 'generic' (from ro.product.product.brand)
[   43.460366][    T1] init: Setting product property ro.product.device to 'vsoc_arm64_only' (from ro.product.product.device)
[   43.460932][    T1] init: Setting product property ro.product.manufacturer to 'Google' (from ro.product.product.manufacturer)
[   43.461793][    T1] init: Setting product property ro.product.model to 'Cuttlefish arm64 phone 64-bit only' (from ro.product.product.model)
[   43.462435][    T1] init: Setting product property ro.product.name to 'aosp_cf_arm64_only_phone' (from ro.product.product.name)
[   43.475760][    T1] init: Setting property 'ro.build.fingerprint' to 'generic/aosp_cf_arm64_only_phone/vsoc_arm64_only:17/CP2A.260605.016/16373615:userdebug/test-keys'
[   43.479694][    T1] init: Setting property 'ro.product.cpu.abilist' to 'arm64-v8a'
[   43.480586][    T1] init: Setting property 'ro.product.cpu.abilist32' to ''
[   43.481095][    T1] init: Setting property 'ro.product.cpu.abilist64' to 'arm64-v8a'
[   43.532411][    T1] init: Running restorecon...
[   43.754227][    T1] init: Created socket '/dev/socket/property_service_for_system', mode 660, user 0, group 1000
[   43.811033][    T1] init: Created socket '/dev/socket/property_service', mode 666, user 0, group 0
[   43.905935][    T1] init: [libfs_mgr] vendor overlay: vndk version not defined
[   44.032856][    T1] init: SetupMountNamespaces done
[   44.102299][    T1] init: Forked subcontext for 'u:r:vendor_init:s0' with pid 117
[   44.197560][    T1] init: Parsing file /system/etc/init/hw/init.rc...
[   44.232445][    T1] init: Added '/init.environ.rc' to import list
[   44.241045][    T1] init: Added '/system/etc/init/hw/init.usb.rc' to import list
[   44.249623][    T1] init: Added '/init.cutf_cvm.rc' to import list
[   44.253272][    T1] init: Added '/vendor/etc/init/hw/init.cutf_cvm.rc' to import list
[   44.255910][    T1] init: Added '/system/etc/init/hw/init.usb.configfs.rc' to import list
[   44.261514][    T1] init: Added '/system/etc/init/hw/init.zygote64.rc' to import list
[   44.301121][    T1] init: Added '/system/etc/init/hw/init.boringssl.zygote64.rc' to import list
[   44.374648][    T1] init: Added '/system/etc/init/init-perfetto.rc' to import list
[   44.428870][    T1] init: Parsing file /init.environ.rc...
[   44.457672][    T1] init: Parsing file /system/etc/init/hw/init.usb.rc...
[   44.475295][    T1] init: Parsing file /init.cutf_cvm.rc...
[   44.477122][    T1] init: Unable to read config file '/init.cutf_cvm.rc': open() failed: No such file or directory
[   44.488284][    T1] init: Parsing file /vendor/etc/init/hw/init.cutf_cvm.rc...
[   44.489937][    T1] init: Unable to read config file '/vendor/etc/init/hw/init.cutf_cvm.rc': open() failed: No such file or directory
[   44.502014][    T1] init: Parsing file /system/etc/init/hw/init.usb.configfs.rc...
[   44.518170][    T1] init: Parsing file /system/etc/init/hw/init.zygote64.rc...
[   44.523928][    T1] init: Parsing file /system/etc/init/hw/init.boringssl.zygote64.rc...
[   44.530194][    T1] init: Parsing file /system/etc/init/init-perfetto.rc...
[   44.533870][    T1] init: Parsing directory /system/etc/init...
[   44.542164][    T1] init: Parsing file /system/etc/init/aconfigd.rc...
[   44.560302][    T1] init: Parsing file /system/etc/init/aisealhostservice.rc...
[   44.568373][    T1] init: Parsing file /system/etc/init/android.system.suspend-service.rc...
[   44.574975][    T1] init: Parsing file /system/etc/init/aoad.rc...
[   44.586709][    T1] init: Parsing file /system/etc/init/apexd.rc...
[   44.598314][    T1] init: Parsing file /system/etc/init/atrace.rc...
[   44.643102][    T1] init: Parsing file /system/etc/init/atrace_userdebug.rc...
[   44.649885][    T1] init: Parsing file /system/etc/init/audioserver.rc...
[   44.663307][    T1] init: Parsing file /system/etc/init/blank_screen.rc...
[   44.668069][    T1] init: Parsing file /system/etc/init/bootanim.rc...
[   44.669075][    T1] init: Parsing file /system/etc/init/bootstat-debug.rc...
[   44.670018][    T1] init: Parsing file /system/etc/init/bootstat.rc...
[   44.674728][    T1] init: Parsing file /system/etc/init/cameraserver.rc...
[   44.677096][    T1] init: Parsing file /system/etc/init/casefolding_remover.rc...
[   44.679137][    T1] init: Parsing file /system/etc/init/clean_scratch_files.rc...
[   44.680347][    T1] init: Parsing file /system/etc/init/cppreopts.rc...
[   44.683196][    T1] init: Parsing file /system/etc/init/credstore.rc...
[   44.684143][    T1] init: Parsing file /system/etc/init/dmesgd.rc...
[   44.685063][    T1] init: Parsing file /system/etc/init/drmserver.rc...
[   44.686222][    T1] init: Parsing file /system/etc/init/dumpstate.rc...
[   44.687285][    T1] init: Parsing file /system/etc/init/flags_health_check.rc...
[   44.688276][    T1] init: Parsing file /system/etc/init/gatekeeperd.rc...
[   44.689088][    T1] init: Parsing file /system/etc/init/gpuservice.rc...
[   44.689997][    T1] init: Parsing file /system/etc/init/gsid.rc...
[   44.691000][    T1] init: Parsing file /system/etc/init/heapprofd.rc...
[   44.691605][    T1] init: Parsing file /system/etc/init/hidservice.rc...
[   44.692354][    T1] init: Parsing file /system/etc/init/idmap2d.rc...
[   44.693344][    T1] init: Parsing file /system/etc/init/incidentd.rc...
[   44.694455][    T1] init: Parsing file /system/etc/init/init-debug.rc...
[   44.695606][    T1] init: Parsing file /system/etc/init/init-perfetto.rc...
[   44.696509][    T1] init: Parsing file /system/etc/init/installd.rc...
[   44.701124][    T1] init: Parsing file /system/etc/init/kcmdlinectrl.rc...
[   44.702422][    T1] init: Parsing file /system/etc/init/kcmdlinemodprobe.rc...
[   44.703079][    T1] init: Parsing file /system/etc/init/keystore2.rc...
[   44.705614][    T1] init: Parsing file /system/etc/init/llkd-debuggable.rc...
[   44.706545][    T1] init: Parsing file /system/etc/init/llkd.rc...
[   44.707364][    T1] init: Parsing file /system/etc/init/lmkd.rc...
[   44.709598][    T1] init: Parsing file /system/etc/init/logcatd.rc...
[   44.725139][    T1] init: Parsing file /system/etc/init/logd.rc...
[   44.736469][    T1] init: Parsing file /system/etc/init/logtagd.rc...
[   44.738150][    T1] init: Parsing file /system/etc/init/lpdumpd.rc...
[   44.740617][    T1] init: Parsing file /system/etc/init/mdnsd.rc...
[   44.741890][    T1] init: Parsing file /system/etc/init/media.codeclist.generator.rc...
[   44.743146][    T1] init: Parsing file /system/etc/init/mediaextractor.rc...
[   44.744124][    T1] init: Parsing file /system/etc/init/mediametrics.rc...
[   44.745046][    T1] init: Parsing file /system/etc/init/mediaserver.rc...
[   44.745674][    T1] init: Parsing file /system/etc/init/misctrl.rc...
[   44.746535][    T1] init: Parsing file /system/etc/init/mmd.rc...
[   44.754286][    T1] init: Parsing file /system/etc/init/mtectrl.rc...
[   44.755455][    T1] init: Parsing file /system/etc/init/netbpfload.rc...
[   44.758233][    T1] init: Parsing file /system/etc/init/netd.rc...
[   44.761616][    T1] init: Parsing file /system/etc/init/odsign.rc...
[   44.763263][    T1] init: Parsing file /system/etc/init/perfetto.rc...
[   44.770453][    T1] init: Parsing file /system/etc/init/pmgd.rc...
[   44.772403][    T1] init: Parsing file /system/etc/init/prefetch.rc...
[   44.775113][    T1] init: Parsing file /system/etc/init/prng_seeder.rc...
[   44.776071][    T1] init: Parsing file /system/etc/init/profcollectd.rc...
[   44.777702][    T1] init: Parsing file /system/etc/init/recovery-persist.rc...
[   44.778632][    T1] init: Parsing file /system/etc/init/recovery-refresh.rc...
[   44.779605][    T1] init: Parsing file /system/etc/init/rss_hwm_reset.rc...
[   44.781415][    T1] init: Parsing file /system/etc/init/servicemanager.rc...
[   44.782363][    T1] init: Parsing file /system/etc/init/simpleperf.rc...
[   44.783016][    T1] init: Parsing file /system/etc/init/snapuserd.rc...
[   44.783689][    T1] init: Parsing file /system/etc/init/storaged.rc...
[   44.784356][    T1] init: Parsing file /system/etc/init/surfaceflinger.rc...
[   44.786005][    T1] init: Parsing file /system/etc/init/tombstoned.rc...
[   44.788182][    T1] init: Parsing file /system/etc/init/traced_perf.rc...
[   44.790710][    T1] init: Parsing file /system/etc/init/tradeinmode.rc...
[   44.791537][    T1] init: Parsing file /system/etc/init/uncrypt.rc...
[   44.793096][    T1] init: Parsing file /system/etc/init/update_engine.rc...
[   44.794319][    T1] init: Parsing file /system/etc/init/update_verifier.rc...
[   44.795380][    T1] init: Parsing file /system/etc/init/usbd.rc...
[   44.796618][    T1] init: Parsing file /system/etc/init/virtual_camera.hal.rc...
[   44.798262][    T1] init: Parsing file /system/etc/init/vold.rc...
[   44.799807][    T1] init: Parsing file /system/etc/init/wifi.rc...
[   44.801261][    T1] init: Parsing file /system/etc/init/zygote_next.rc...
[   44.803611][    T1] init: Parsing directory /system_ext/etc/init...
[   44.805105][    T1] init: Parsing file /system_ext/etc/init/aidl_lazy_cb_test_server.rc...
[   44.806754][    T1] init: Parsing file /system_ext/etc/init/aidl_lazy_test_server.rc...
[   44.812012][    T1] init: Parsing file /system_ext/etc/init/android.hardware.audio.parameter_parser.example_service.rc...
[   44.814528][    T1] init: Parsing file /system_ext/etc/init/android.hidl.allocator@1.0-service.rc...
[   44.816866][    T1] init: Parsing file /system_ext/etc/init/hwservicemanager.rc...
[   44.818043][    T1] init: Parsing file /system_ext/etc/init/rpmb_dev.system.rc...
[   44.821484][    T1] init: Parsing file /system_ext/etc/init/rpmb_dev.test.system.rc...
[   44.824245][    T1] init: Parsing file /system_ext/etc/init/set_adb.rc...
[   44.825004][    T1] init: Parsing file /system_ext/etc/init/trusty_security_vm_launcher.rc...
[   44.827932][    T1] init: Parsing directory /vendor/etc/init...
[   44.828947][    T1] init: Parsing file /vendor/etc/init/android.hardware.security.keymint-service.cf_trusty_system_vm.rc...
[   44.846303][    T1] init: Parsing file /vendor/etc/init/android.hardware.security.keymint-service.trusty_tee.cpp.rc...
[   44.847243][    T1] init: Parsing file /vendor/etc/init/android.hardware.security.keymint-service.trusty_tee.nonsecure.rc...
[   44.848324][    T1] init: Parsing file /vendor/etc/init/android.hardware.sensors-service-multihal.rc...
[   44.850394][    T1] init: Parsing file /vendor/etc/init/boringssl_self_test.rc...
[   44.851721][    T1] init: Added '/vendor/etc/boringssl_self_test.zygote64.rc' to import list
[   44.853891][    T1] init: Parsing file /vendor/etc/boringssl_self_test.zygote64.rc...
[   44.856179][    T1] init: Parsing file /vendor/etc/init/face-default.rc...
[   44.856958][    T1] init: Parsing file /vendor/etc/init/fingerprint-default.rc...
[   44.858108][    T1] init: Parsing file /vendor/etc/init/init.cutf_cvm.rc...
[   44.865290][    T1] init: Parsing file /vendor/etc/init/init_graphics.vendor.rc...
[   44.867007][    T1] init: Parsing file /vendor/etc/init/motioncontext-service-default.rc...
[   44.867984][    T1] init: Parsing file /vendor/etc/init/seriallogging.rc...
[   44.869129][    T1] init: Parsing file /odm/etc/init...
[   44.869637][    T1] init: Unable to read config file '/odm/etc/init': open() failed: No such file or directory
[   44.871452][    T1] init: Parsing directory /product/etc/init...
[   44.872017][    T1] init: Parsing file /product/etc/init/init.rc...
[   44.925132][    T1] init: processing action (SetupCgroups) from (<Builtin Action>:0)
[   45.133420][    T1] libprocessgroup: Using system/app isolation under: /sys/fs/cgroup
[   45.192341][    T1] init: Command 'SetupCgroups' action=SetupCgroups (<Builtin Action>:0) took 258ms and succeeded
[   45.348383][    T1] init: processing action (early-init) from (/system/etc/init/hw/init.rc:15)
[   45.581322][    T1] init: starting service 'ueventd'...
[   45.692537][    T1] libprocessgroup: Created cgroup /sys/fs/cgroup/system/uid_0
[   45.719944][    T1] libprocessgroup: Created cgroup /sys/fs/cgroup/system/uid_0/pid_118
[   45.807802][    T1] libprocessgroup: A JoinCgroup action in the SystemMemoryProcess profile is used for controller memory in the cgroup v2 hierarchy and will be ignored
[   45.977705][    T1] init: ... started service 'ueventd' has pid 118
[   45.989673][    T1] init: Command 'start ueventd' action=early-init (/system/etc/init/hw/init.rc:77) took 429ms and succeeded
[   46.097468][    T1] init: starting service 'init_dev_config'...
[   46.228895][    T1] libprocessgroup: Created cgroup /sys/fs/cgroup/system/uid_1000
[   46.251216][    T1] libprocessgroup: Created cgroup /sys/fs/cgroup/system/uid_1000/pid_119
[   46.371414][    T1] init: ... started service 'init_dev_config' has pid 119
[   46.379848][    T1] init: SVC_EXEC service 'init_dev_config' pid 119 (uid 1000 gid 0+0 context u:r:init_dev_config:s0) started; waiting...
[   46.398919][    T1] init: Command 'exec_start init_dev_config' action=early-init (/system/etc/init/hw/init.rc:83) took 354ms and succeeded
[   46.535719][  T118] ueventd: ueventd started!
[   46.620467][  T118] selinux: SELinux: Loaded file context from:
[   46.622302][  T118] selinux: 		/system/etc/selinux/plat_file_contexts
[   46.624569][  T118] selinux: 		/system_ext/etc/selinux/system_ext_file_contexts
[   46.627198][  T118] selinux: 		/product/etc/selinux/product_file_contexts
[   46.629314][  T118] selinux: 		/vendor/etc/selinux/vendor_file_contexts
[   46.630659][  T118] selinux: 		/odm/etc/selinux/odm_file_contexts
[   46.678333][  T118] ueventd: Parsing file /system/etc/ueventd.rc...
[   46.682841][  T118] ueventd: Added '/vendor/etc/ueventd.rc' to import list
[   46.684301][  T118] ueventd: Added '/odm/etc/ueventd.rc' to import list
[   46.742493][  T118] ueventd: Parsing file /vendor/etc/ueventd.rc...
[   46.748410][  T118] ueventd: Parsing file /odm/etc/ueventd.rc...
[   46.751328][  T118] ueventd: Unable to read config file '/odm/etc/ueventd.rc': open() failed: No such file or directory
[   46.999614][    T1] init: Service 'init_dev_config' (pid 119) exited with status 0 waiting took 0.741000 seconds
[   47.006076][    T1] init: Sending SIGKILL to service 'init_dev_config' (pid 119) process group...
[   47.077647][    T1] libprocessgroup: Removed cgroup /sys/fs/cgroup/system/uid_1000/pid_119
[   47.243234][    T1] init: starting service 'apexd-bootstrap'...
[   47.315581][    T1] libprocessgroup: Created cgroup /sys/fs/cgroup/system/uid_0/pid_120
[   47.422511][    T1] init: ... started service 'apexd-bootstrap' has pid 120
[   47.428828][    T1] init: SVC_EXEC service 'apexd-bootstrap' pid 120 (uid 0 gid 1000+0 context default) started; waiting...
[   47.432504][    T1] init: Command 'exec_start apexd-bootstrap' action=early-init (/system/etc/init/hw/init.rc:91) took 228ms and succeeded
[   50.346627][  T120] apexd: Started. subcommand = --bootstrap
[   50.468681][  T120] erofs: (device erofs): mounted with root inode @ nid 36.
[   50.606336][  T120] apexd: File-backed mount is enabled (detected via test mount)
[   50.764571][  T120] apexd-bootstrap: Scanning /system/apex for pre-installed ApexFiles
[   50.816544][  T120] apexd-bootstrap: Found pre-installed APEX /system/apex/com.android.adbd.apex
[   50.819690][  T120] apexd-bootstrap: Found pre-installed APEX /system/apex/com.android.adservices.apex
[   50.820375][  T120] apexd-bootstrap: Found pre-installed APEX /system/apex/com.android.apex.cts.shim.apex
[   50.821091][  T120] apexd-bootstrap: Found pre-installed APEX /system/apex/com.android.appsearch.apex
[   50.821713][  T120] apexd-bootstrap: Found pre-installed APEX /system/apex/com.android.art.apex
[   50.822500][  T120] apexd-bootstrap: Found pre-installed APEX /system/apex/com.android.bt.apex
[   50.823115][  T120] apexd-bootstrap: Found pre-installed APEX /system/apex/com.android.cellbroadcast.apex
[   50.823983][  T120] apexd-bootstrap: Found pre-installed APEX /system/apex/com.android.configinfrastructure.apex
[   50.824764][  T120] apexd-bootstrap: Found pre-installed APEX /system/apex/com.android.conscrypt.apex
[   50.825662][  T120] apexd-bootstrap: Found pre-installed APEX /system/apex/com.android.crashrecovery.apex
[   50.826305][  T120] apexd-bootstrap: Found pre-installed APEX /system/apex/com.android.devicelock.apex
[   50.826984][  T120] apexd-bootstrap: Found pre-installed APEX /system/apex/com.android.extservices.apex
[   50.827479][  T120] apexd-bootstrap: Found pre-installed APEX /system/apex/com.android.healthfitness.apex
[   50.828000][  T120] apexd-bootstrap: Found pre-installed APEX /system/apex/com.android.i18n.apex
[   50.828630][  T120] apexd-bootstrap: Found pre-installed APEX /system/apex/com.android.ipsec.apex
[   50.829322][  T120] apexd-bootstrap: Found pre-installed APEX /system/apex/com.android.media.apex
[   50.830017][  T120] apexd-bootstrap: Found pre-installed APEX /system/apex/com.android.media.swcodec.apex
[   50.830973][  T120] apexd-bootstrap: Found pre-installed APEX /system/apex/com.android.mediaprovider.apex
[   50.831566][  T120] apexd-bootstrap: Found pre-installed APEX /system/apex/com.android.neuralnetworks.apex
[   50.832053][  T120] apexd-bootstrap: Found pre-installed APEX /system/apex/com.android.nfcservices.apex
[   50.832715][  T120] apexd-bootstrap: Found pre-installed APEX /system/apex/com.android.npumanager.apex
[   50.833497][  T120] apexd-bootstrap: Found pre-installed APEX /system/apex/com.android.ondevicepersonalization.apex
[   50.834298][  T120] apexd-bootstrap: Found pre-installed APEX /system/apex/com.android.os.statsd.apex
[   50.834812][  T120] apexd-bootstrap: Found pre-installed APEX /system/apex/com.android.permission.apex
[   50.835392][  T120] apexd-bootstrap: Found pre-installed APEX /system/apex/com.android.profiling.apex
[   50.835957][  T120] apexd-bootstrap: Found pre-installed APEX /system/apex/com.android.resolv.apex
[   50.836557][  T120] apexd-bootstrap: Found pre-installed APEX /system/apex/com.android.rkpd.apex
[   50.837050][  T120] apexd-bootstrap: Found pre-installed APEX /system/apex/com.android.runtime.apex
[   50.837462][  T120] apexd-bootstrap: Found pre-installed APEX /system/apex/com.android.scheduling.apex
[   50.838033][  T120] apexd-bootstrap: Found pre-installed APEX /system/apex/com.android.sdkext.apex
[   50.838626][  T120] apexd-bootstrap: Found pre-installed APEX /system/apex/com.android.telephonycore.apex
[   50.839129][  T120] apexd-bootstrap: Found pre-installed APEX /system/apex/com.android.tethering.apex
[   50.839929][  T120] apexd-bootstrap: Found pre-installed APEX /system/apex/com.android.tzdata.apex
[   50.841036][  T120] apexd-bootstrap: Found pre-installed APEX /system/apex/com.android.uprobestats.apex
[   50.841698][  T120] apexd-bootstrap: Found pre-installed APEX /system/apex/com.android.uwb.apex
[   50.842104][  T120] apexd-bootstrap: Found pre-installed APEX /system/apex/com.android.virt.apex
[   50.842642][  T120] apexd-bootstrap: Found pre-installed APEX /system/apex/com.android.webapp.apex
[   50.843119][  T120] apexd-bootstrap: Found pre-installed APEX /system/apex/com.android.wifi.apex
[   50.843899][  T120] apexd-bootstrap: Scanning /system_ext/apex for pre-installed ApexFiles
[   50.847069][  T120] apexd-bootstrap: Found pre-installed APEX /system_ext/apex/com.android.compos.apex
[   50.847610][  T120] apexd-bootstrap: Found pre-installed APEX /system_ext/apex/com.android.hardware.biometrics.face.virtual.apex
[   50.848120][  T120] apexd-bootstrap: Found pre-installed APEX /system_ext/apex/com.android.hardware.biometrics.fingerprint.virtual.apex
[   50.848688][  T120] apexd-bootstrap: Found pre-installed APEX /system_ext/apex/com.android.vndk.v31.apex
[   50.849143][  T120] apexd-bootstrap: Found pre-installed APEX /system_ext/apex/com.android.vndk.v32.apex
[   50.849636][  T120] apexd-bootstrap: Found pre-installed APEX /system_ext/apex/com.android.vndk.v33.apex
[   50.850054][  T120] apexd-bootstrap: Found pre-installed APEX /system_ext/apex/com.android.vndk.v34.apex
[   50.850657][  T120] apexd-bootstrap: Scanning /product/apex for pre-installed ApexFiles
[   50.851903][  T120] apexd-bootstrap: /product/apex does not exist. Skipping
[   50.852527][  T120] apexd-bootstrap: Scanning /vendor/apex for pre-installed ApexFiles
[   50.856216][  T120] apexd-bootstrap: Found pre-installed APEX /vendor/apex/com.android.hardware.audio.apex
[   50.858172][  T120] apexd-bootstrap: Found pre-installed APEX /vendor/apex/com.android.hardware.authsecret.apex
[   50.859084][  T120] apexd-bootstrap: Found pre-installed APEX /vendor/apex/com.android.hardware.boot.apex
[   50.859729][  T120] apexd-bootstrap: Found pre-installed APEX /vendor/apex/com.android.hardware.cas.apex
[   50.861906][  T120] apexd-bootstrap: Found pre-installed APEX /vendor/apex/com.android.hardware.contexthub.apex
[   50.865097][  T120] apexd-bootstrap: Found pre-installed APEX /vendor/apex/com.android.hardware.drm.clearkey.apex
[   50.867251][  T120] apexd-bootstrap: Found pre-installed APEX /vendor/apex/com.android.hardware.dumpstate.apex
[   50.868759][  T120] apexd-bootstrap: Found pre-installed APEX /vendor/apex/com.android.hardware.gatekeeper.cf_remote.apex
[   50.870222][  T120] apexd-bootstrap: Found pre-installed APEX /vendor/apex/com.android.hardware.gatekeeper.nonsecure.apex
[   50.871798][  T120] apexd-bootstrap: Found pre-installed APEX /vendor/apex/com.android.hardware.gnss.apex
[   50.873292][  T120] apexd-bootstrap: Found pre-installed APEX /vendor/apex/com.android.hardware.graphics.composer.drm_hwcomposer.apex
[   50.874847][  T120] apexd-bootstrap: Found pre-installed APEX /vendor/apex/com.android.hardware.graphics.composer.ranchu.apex
[   50.878193][  T120] apexd-bootstrap: Found pre-installed APEX /vendor/apex/com.android.hardware.input.processor.apex
[   50.879909][  T120] apexd-bootstrap: Found pre-installed APEX /vendor/apex/com.android.hardware.keymint.rust_cf_guest_trusty_nonsecure.apex
[   50.881797][  T120] apexd-bootstrap: Found pre-installed APEX /vendor/apex/com.android.hardware.keymint.rust_cf_remote.apex
[   50.884696][  T120] apexd-bootstrap: Found pre-installed APEX /vendor/apex/com.android.hardware.keymint.rust_nonsecure.apex
[   50.886330][  T120] apexd-bootstrap: Found pre-installed APEX /vendor/apex/com.android.hardware.memtrack.apex
[   50.889748][  T120] apexd-bootstrap: Found pre-installed APEX /vendor/apex/com.android.hardware.net.nlinterceptor.apex
[   50.891309][  T120] apexd-bootstrap: Found pre-installed APEX /vendor/apex/com.android.hardware.neuralnetworks.apex
[   50.893342][  T120] apexd-bootstrap: Found pre-installed APEX /vendor/apex/com.android.hardware.power.apex
[   50.896658][  T120] apexd-bootstrap: Found pre-installed APEX /vendor/apex/com.android.hardware.rebootescrow.apex
[   50.898166][  T120] apexd-bootstrap: Found pre-installed APEX /vendor/apex/com.android.hardware.secure_element.apex
[   50.900568][  T120] apexd-bootstrap: Found pre-installed APEX /vendor/apex/com.android.hardware.security.authgraph.apex
[   50.902674][  T120] apexd-bootstrap: Found pre-installed APEX /vendor/apex/com.android.hardware.security.secretkeeper.apex
[   50.903519][  T120] apexd-bootstrap: Found pre-installed APEX /vendor/apex/com.android.hardware.tetheroffload.apex
[   50.905947][  T120] apexd-bootstrap: Found pre-installed APEX /vendor/apex/com.android.hardware.thermal.apex
[   50.907050][  T120] apexd-bootstrap: Found pre-installed APEX /vendor/apex/com.android.hardware.threadnetwork.apex
[   50.907933][  T120] apexd-bootstrap: Found pre-installed APEX /vendor/apex/com.android.hardware.usb.apex
[   50.910865][  T120] apexd-bootstrap: Found pre-installed APEX /vendor/apex/com.android.hardware.uwb.apex
[   50.911823][  T120] apexd-bootstrap: Found pre-installed APEX /vendor/apex/com.android.hardware.vibrator.apex
[   50.912386][  T120] apexd-bootstrap: Found pre-installed APEX /vendor/apex/com.android.hardware.wifi.apex
[   50.914745][  T120] apexd-bootstrap: Found pre-installed APEX /vendor/apex/com.google.cf.bt.apex
[   50.916207][  T120] apexd-bootstrap: Found pre-installed APEX /vendor/apex/com.google.cf.confirmationui.apex
[   50.916942][  T120] apexd-bootstrap: Found pre-installed APEX /vendor/apex/com.google.cf.disabled.apex
[   50.919822][  T120] apexd-bootstrap: Found pre-installed APEX /vendor/apex/com.google.cf.gralloc.apex
[   50.920938][  T120] apexd-bootstrap: Found pre-installed APEX /vendor/apex/com.google.cf.health.apex
[   50.921593][  T120] apexd-bootstrap: Found pre-installed APEX /vendor/apex/com.google.cf.identity.apex
[   50.924287][  T120] apexd-bootstrap: Found pre-installed APEX /vendor/apex/com.google.cf.input.config.apex
[   50.925658][  T120] apexd-bootstrap: Found pre-installed APEX /vendor/apex/com.google.cf.ir.apex
[   50.926194][  T120] apexd-bootstrap: Found pre-installed APEX /vendor/apex/com.google.cf.light.apex
[   50.928825][  T120] apexd-bootstrap: Found pre-installed APEX /vendor/apex/com.google.cf.nfc.apex
[   50.929761][  T120] apexd-bootstrap: Found pre-installed APEX /vendor/apex/com.google.cf.oemlock.apex
[   50.931272][  T120] apexd-bootstrap: Found pre-installed APEX /vendor/apex/com.google.cf.rild.apex
[   50.934028][  T120] apexd-bootstrap: Found pre-installed APEX /vendor/apex/com.google.cf.vulkan.apex
[   50.935675][  T120] apexd-bootstrap: Found pre-installed APEX /vendor/apex/com.google.cf.wifi.apex
[   50.937285][  T120] apexd-bootstrap: Found pre-installed APEX /vendor/apex/com.google.cf.wpa_supplicant.apex
[   50.939106][  T120] apexd-bootstrap: Found pre-installed APEX /vendor/apex/com.google.emulated.camera.provider.hal.apex
[   50.941070][  T120] apexd-bootstrap: Found pre-installed APEX /vendor/apex/com.google.emulated.camera.provider.hal.v4l2.apex
[   50.943741][  T120] apexd-bootstrap: Scanning /odm/apex for pre-installed ApexFiles
[   50.947193][  T120] apexd-bootstrap: /odm/apex does not exist. Skipping
[   51.882112][  T118] ueventd: Coldboot took 4.959 seconds
[   52.408339][  T120] apexd-bootstrap: Skipping APEX at path /vendor/apex/com.android.hardware.gatekeeper.cf_remote.apex because it does not match expected multi-install APEX property for com.android.hardware.gatekeeper
[   52.415755][  T120] apexd-bootstrap: Skipping APEX at path /vendor/apex/com.android.hardware.graphics.composer.drm_hwcomposer.apex because it does not match expected multi-install APEX property for com.android.hardware.graphics.composer
[   52.417901][  T120] apexd-bootstrap: Skipping APEX at path /vendor/apex/com.android.hardware.keymint.rust_cf_guest_trusty_nonsecure.apex because it does not match expected multi-install APEX property for com.android.hardware.keymint
[   52.419114][  T120] apexd-bootstrap: Skipping APEX at path /vendor/apex/com.android.hardware.keymint.rust_cf_remote.apex because it does not match expected multi-install APEX property for com.android.hardware.keymint
[   52.421668][  T120] apexd-bootstrap: Skipping APEX at path /vendor/apex/com.google.cf.disabled.apex because it's disabled via sysprop.
[   52.423792][  T120] apexd-bootstrap: Skipping APEX at path /vendor/apex/com.google.emulated.camera.provider.hal.v4l2.apex because it does not match expected multi-install APEX property for com.google.emulated.camera.provider.hal
[   52.426456][  T120] apexd-bootstrap: Successfully scanned 87 preinstalled APEXes duration=1678ms
[   52.444140][  T120] apexd-bootstrap: No sessions to revert/activate.
[   52.464149][  T120] apexd-bootstrap: Successfully scanned 0 data APEXes duration=8ms
[   52.821713][  T229] loop12: detected capacity change from 0 to 1136
[   52.828360][  T220] loop0: detected capacity change from 0 to 72760
[   52.829041][  T230] loop13: detected capacity change from 0 to 808
[   52.845829][  T221] loop1: detected capacity change from 0 to 1048
[   52.846883][  T222] loop2: detected capacity change from 0 to 29520
[   52.850472][  T232] loop11: detected capacity change from 0 to 4368
[   52.855167][  T231] loop10: detected capacity change from 0 to 7384
[   52.862266][  T227] loop8: detected capacity change from 0 to 984
[   52.889290][  T219] loop3: detected capacity change from 0 to 6160
[   52.918119][  T233] loop14: detected capacity change from 0 to 3632
[   53.715360][  T252] erofs: (device erofs): mounted with root inode @ nid 39.
[   57.736737][  T232] EXT4-fs (loop11): mounted filesystem 7d1522e1-9dfa-5edb-a43e-98e3a4d20250 ro without journal. Quota mode: none.
[   57.746035][  T234] EXT4-fs (loop15): mounted filesystem 7d1522e1-9dfa-5edb-a43e-98e3a4d20250 ro without journal. Quota mode: none.
[   57.973699][  T243] set_capacity_and_notify: 39 callbacks suppressed
[   58.060453][  T243] loop22: detected capacity change from 0 to 3632
[   58.086807][  T290] loop66: detected capacity change from 0 to 11808
[   58.087724][  T305] loop82: detected capacity change from 0 to 52688
[   58.087725][  T286] loop63: detected capacity change from 0 to 22376
[   58.091935][  T301] loop78: detected capacity change from 0 to 744
[   58.093368][  T274] loop53: detected capacity change from 0 to 20336
[   58.097608][  T268] loop47: detected capacity change from 0 to 31744
[   58.102418][  T270] loop50: detected capacity change from 0 to 2760
[   58.103132][  T271] loop48: detected capacity change from 0 to 54320
[   58.234925][  T285] loop62: detected capacity change from 0 to 76840
[   58.436824][  T284] EXT4-fs (loop61): mounted filesystem 7d1522e1-9dfa-5edb-a43e-98e3a4d20250 ro without journal. Quota mode: none.
[   58.453930][  T226] EXT4-fs (loop6): mounted filesystem 7d1522e1-9dfa-5edb-a43e-98e3a4d20250 ro without journal. Quota mode: none.
[   58.456079][  T277] EXT4-fs (loop55): mounted filesystem 7d1522e1-9dfa-5edb-a43e-98e3a4d20250 ro without journal. Quota mode: none.
[   58.473129][  T269] EXT4-fs (loop49): mounted filesystem 7d1522e1-9dfa-5edb-a43e-98e3a4d20250 ro without journal. Quota mode: none.
[   58.477344][  T265] EXT4-fs (loop44): mounted filesystem 7d1522e1-9dfa-5edb-a43e-98e3a4d20250 ro without journal. Quota mode: none.
[   58.532961][  T229] EXT4-fs (loop12): mounted filesystem 7d1522e1-9dfa-5edb-a43e-98e3a4d20250 ro without journal. Quota mode: none.
[   58.667112][  T290] EXT4-fs (loop66): mounted filesystem 7d1522e1-9dfa-5edb-a43e-98e3a4d20250 ro without journal. Quota mode: none.
[   58.671725][  T224] EXT4-fs (loop4): mounted filesystem 7d1522e1-9dfa-5edb-a43e-98e3a4d20250 ro without journal. Quota mode: none.
[   58.691948][  T242] EXT4-fs (loop21): mounted filesystem 7d1522e1-9dfa-5edb-a43e-98e3a4d20250 ro without journal. Quota mode: none.
[   58.692993][  T289] EXT4-fs (loop67): mounted filesystem 7d1522e1-9dfa-5edb-a43e-98e3a4d20250 ro without journal. Quota mode: none.
[   58.699376][  T294] EXT4-fs (loop70): mounted filesystem 7d1522e1-9dfa-5edb-a43e-98e3a4d20250 ro without journal. Quota mode: none.
[   58.705361][  T253] EXT4-fs (loop29): mounted filesystem 7d1522e1-9dfa-5edb-a43e-98e3a4d20250 ro without journal. Quota mode: none.
[   58.728915][  T300] EXT4-fs (loop77): mounted filesystem 7d1522e1-9dfa-5edb-a43e-98e3a4d20250 ro without journal. Quota mode: none.
[   58.741428][  T305] EXT4-fs (loop82): mounted filesystem 7d1522e1-9dfa-5edb-a43e-98e3a4d20250 ro without journal. Quota mode: none.
[   58.742188][  T295] EXT4-fs (loop72): mounted filesystem 7d1522e1-9dfa-5edb-a43e-98e3a4d20250 ro without journal. Quota mode: none.
[   58.757051][  T235] EXT4-fs (loop16): mounted filesystem 7d1522e1-9dfa-5edb-a43e-98e3a4d20250 ro without journal. Quota mode: none.
[   58.761367][  T227] EXT4-fs (loop8): mounted filesystem 7d1522e1-9dfa-5edb-a43e-98e3a4d20250 ro without journal. Quota mode: none.
[   58.781348][  T270] EXT4-fs (loop50): mounted filesystem 7d1522e1-9dfa-5edb-a43e-98e3a4d20250 ro without journal. Quota mode: none.
[   58.784136][  T228] EXT4-fs (loop9): mounted filesystem 7d1522e1-9dfa-5edb-a43e-98e3a4d20250 ro without journal. Quota mode: none.
[   58.799526][  T257] EXT4-fs (loop36): mounted filesystem 7d1522e1-9dfa-5edb-a43e-98e3a4d20250 ro without journal. Quota mode: none.
[   58.799641][  T271] EXT4-fs (loop48): mounted filesystem 7d1522e1-9dfa-5edb-a43e-98e3a4d20250 ro without journal. Quota mode: none.
[   58.800425][  T296] EXT4-fs (loop73): mounted filesystem 7d1522e1-9dfa-5edb-a43e-98e3a4d20250 ro without journal. Quota mode: none.
[   58.800754][  T241] EXT4-fs (loop20): mounted filesystem 7d1522e1-9dfa-5edb-a43e-98e3a4d20250 ro without journal. Quota mode: none.
[   58.801430][  T255] EXT4-fs (loop34): mounted filesystem 7d1522e1-9dfa-5edb-a43e-98e3a4d20250 ro without journal. Quota mode: none.
[   58.801622][  T254] EXT4-fs (loop33): mounted filesystem 7d1522e1-9dfa-5edb-a43e-98e3a4d20250 ro without journal. Quota mode: none.
[   58.805151][  T286] EXT4-fs (loop63): mounted filesystem 7d1522e1-9dfa-5edb-a43e-98e3a4d20250 ro without journal. Quota mode: none.
[   58.805424][  T283] EXT4-fs (loop60): mounted filesystem 7d1522e1-9dfa-5edb-a43e-98e3a4d20250 ro without journal. Quota mode: none.
[   58.806342][  T256] EXT4-fs (loop35): mounted filesystem 7d1522e1-9dfa-5edb-a43e-98e3a4d20250 ro without journal. Quota mode: none.
[   58.834358][  T302] EXT4-fs (loop79): mounted filesystem 7d1522e1-9dfa-5edb-a43e-98e3a4d20250 ro without journal. Quota mode: none.
[   58.860593][  T266] EXT4-fs (loop45): mounted filesystem 7d1522e1-9dfa-5edb-a43e-98e3a4d20250 ro without journal. Quota mode: none.
[   58.932813][  T301] EXT4-fs (loop78): mounted filesystem 7d1522e1-9dfa-5edb-a43e-98e3a4d20250 ro without journal. Quota mode: none.
[   58.943838][  T223] EXT4-fs (loop5): mounted filesystem 7d1522e1-9dfa-5edb-a43e-98e3a4d20250 ro without journal. Quota mode: none.
[   58.943952][  T225] EXT4-fs (loop7): mounted filesystem 7d1522e1-9dfa-5edb-a43e-98e3a4d20250 ro without journal. Quota mode: none.
[   58.956666][  T231] EXT4-fs (loop10): mounted filesystem 7d1522e1-9dfa-5edb-a43e-98e3a4d20250 ro without journal. Quota mode: none.
[   58.966315][  T299] EXT4-fs (loop76): mounted filesystem 7d1522e1-9dfa-5edb-a43e-98e3a4d20250 ro without journal. Quota mode: none.
[   58.970038][  T273] EXT4-fs (loop52): mounted filesystem 7d1522e1-9dfa-5edb-a43e-98e3a4d20250 ro without journal. Quota mode: none.
[   58.985806][  T293] EXT4-fs (loop71): mounted filesystem 7d1522e1-9dfa-5edb-a43e-98e3a4d20250 ro without journal. Quota mode: none.
[   58.986226][  T251] EXT4-fs (loop28): mounted filesystem 7d1522e1-9dfa-5edb-a43e-98e3a4d20250 ro without journal. Quota mode: none.
[   59.052191][  T264] EXT4-fs (loop43): mounted filesystem 7d1522e1-9dfa-5edb-a43e-98e3a4d20250 ro without journal. Quota mode: none.
[   59.093885][  T260] EXT4-fs (loop41): mounted filesystem 7d1522e1-9dfa-5edb-a43e-98e3a4d20250 ro without journal. Quota mode: none.
[   59.095736][  T222] EXT4-fs (loop2): mounted filesystem 7d1522e1-9dfa-5edb-a43e-98e3a4d20250 ro without journal. Quota mode: none.
[   59.111038][  T280] EXT4-fs (loop58): mounted filesystem 7d1522e1-9dfa-5edb-a43e-98e3a4d20250 ro without journal. Quota mode: none.
[   59.111086][  T245] EXT4-fs (loop24): mounted filesystem 7d1522e1-9dfa-5edb-a43e-98e3a4d20250 ro without journal. Quota mode: none.
[   59.139563][  T230] EXT4-fs (loop13): mounted filesystem 7d1522e1-9dfa-5edb-a43e-98e3a4d20250 ro without journal. Quota mode: none.
[   59.141429][  T288] EXT4-fs (loop64): mounted filesystem 7d1522e1-9dfa-5edb-a43e-98e3a4d20250 ro without journal. Quota mode: none.
[   59.185086][  T267] EXT4-fs (loop46): mounted filesystem 7d1522e1-9dfa-5edb-a43e-98e3a4d20250 ro without journal. Quota mode: none.
[   59.186173][  T275] EXT4-fs (loop54): mounted filesystem 7d1522e1-9dfa-5edb-a43e-98e3a4d20250 ro without journal. Quota mode: none.
[   59.198565][  T259] EXT4-fs (loop38): mounted filesystem 7d1522e1-9dfa-5edb-a43e-98e3a4d20250 ro without journal. Quota mode: none.
[   59.234093][  T309] EXT4-fs (loop86): mounted filesystem 7d1522e1-9dfa-5edb-a43e-98e3a4d20250 ro without journal. Quota mode: none.
[   59.237339][  T263] EXT4-fs (loop42): mounted filesystem 7d1522e1-9dfa-5edb-a43e-98e3a4d20250 ro without journal. Quota mode: none.
[   59.239092][  T243] EXT4-fs (loop22): mounted filesystem 7d1522e1-9dfa-5edb-a43e-98e3a4d20250 ro without journal. Quota mode: none.
[   59.241514][  T306] EXT4-fs (loop83): mounted filesystem 7d1522e1-9dfa-5edb-a43e-98e3a4d20250 ro without journal. Quota mode: none.
[   59.249846][  T278] EXT4-fs (loop56): mounted filesystem 7d1522e1-9dfa-5edb-a43e-98e3a4d20250 ro without journal. Quota mode: none.
[   59.289507][  T233] EXT4-fs (loop14): mounted filesystem 7d1522e1-9dfa-5edb-a43e-98e3a4d20250 ro without journal. Quota mode: none.
[   59.290719][  T249] EXT4-fs (loop30): mounted filesystem 7d1522e1-9dfa-5edb-a43e-98e3a4d20250 ro without journal. Quota mode: none.
[   59.305385][  T307] EXT4-fs (loop84): mounted filesystem 7d1522e1-9dfa-5edb-a43e-98e3a4d20250 ro without journal. Quota mode: none.
[   59.305926][  T219] EXT4-fs (loop3): mounted filesystem 7d1522e1-9dfa-5edb-a43e-98e3a4d20250 ro without journal. Quota mode: none.
[   59.306979][  T240] EXT4-fs (loop19): mounted filesystem 7d1522e1-9dfa-5edb-a43e-98e3a4d20250 ro without journal. Quota mode: none.
[   59.308015][  T221] EXT4-fs (loop1): mounted filesystem 7d1522e1-9dfa-5edb-a43e-98e3a4d20250 ro without journal. Quota mode: none.
[   59.310219][  T285] EXT4-fs (loop62): mounted filesystem 7d1522e1-9dfa-5edb-a43e-98e3a4d20250 ro without journal. Quota mode: none.
[   59.312731][  T261] EXT4-fs (loop40): mounted filesystem 7d1522e1-9dfa-5edb-a43e-98e3a4d20250 ro without journal. Quota mode: none.
[   59.312903][  T287] EXT4-fs (loop65): mounted filesystem 7d1522e1-9dfa-5edb-a43e-98e3a4d20250 ro without journal. Quota mode: none.
[   59.822964][  T120] apexd-bootstrap: Activated 87 packages. duration=7348ms
[   59.954533][  T120] apexd-bootstrap: OnBootstrap done, duration=9231
[   60.264161][    T1] init: Service 'apexd-bootstrap' (pid 120) exited with status 0 waiting took 12.952000 seconds
[   60.268527][    T1] init: Sending SIGKILL to service 'apexd-bootstrap' (pid 120) process group...
[   60.282727][    T1] libprocessgroup: Removed cgroup /sys/fs/cgroup/system/uid_0/pid_120
