cvd(1619160)  I 10-04 21:21:33 1619160 1619160 main.cc:137] version: 1.57.0 | VCS: 9bb9c72329cedcb436bb75afc05c24d73fbcdf5d
cvd(1619179)  I 10-04 21:21:34 1619179 1619179 main.cc:137] version: 1.57.0 | VCS: 9bb9c72329cedcb436bb75afc05c24d73fbcdf5d
10-04 21:21:34.024 1619204 1619204 E assemble_cvd: reader.cpp:81 [liblp] Logical partition metadata has invalid geometry magic signature.
10-04 21:21:34.024 1619204 1619204 E assemble_cvd: reader.cpp:81 [liblp] Logical partition metadata has invalid geometry magic signature.
SetFlagDefaultsFromConfig: No flag defaults to override.
  Run `cvd logs` to report paths to device logs.
  Point your browser to https://localhost:8443 to interact with the device.
  Serial console is disabled; use -console=true to enable it.
  Launcher Build ID: 9bb9c72329cedcb436bb75afc05c24d73fbcdf5d
Failed to read a complete exit code, read 0 bytes only instead of the expected 4
VIRTUAL_DEVICE_BOOT_FAILED
run_cvd returned 10
cvd(1619179)  I 10-04 21:21:40 1619179 1619179 start.cpp:568] Device launch failed, cleaning up
cvd(1619179)  I 10-04 21:21:40 1619179 1619179 stop.cpp:118] Sending SIGKILL to process 1619542
4. main.cc:161 | CvdMain | 
3. cvd.cpp:93 | HandleCvdCommand | 
2. cvd.cpp:78 | HandleCommand | 
1. start.cpp:574 | LaunchDevice | 
 | cuttlefish/host/commands/cvd/cli/utils.cpp:71
 v Result<void> cuttlefish::CheckProcessExitedNormally(siginfo_t, int)
Exited with code '255'

    If the error above is unclear, please copy the text and `cvd version` output into an issue at:
        http://go/cuttlefish-bug

